Archive member included to satisfy reference by file (symbol)

c:/ac6/systemworkbench/plugins/fr.ac6.mcu.externaltools.arm-none.win32_1.7.0.201602121829/tools/compiler/bin/../lib/gcc/arm-none-eabi/5.2.1/../../../../arm-none-eabi/lib/armv7e-m/fpu\libc_nano.a(lib_a-exit.o)
                              c:/ac6/systemworkbench/plugins/fr.ac6.mcu.externaltools.arm-none.win32_1.7.0.201602121829/tools/compiler/bin/../lib/gcc/arm-none-eabi/5.2.1/../../../../arm-none-eabi/lib/armv7e-m/fpu/crt0.o (exit)
c:/ac6/systemworkbench/plugins/fr.ac6.mcu.externaltools.arm-none.win32_1.7.0.201602121829/tools/compiler/bin/../lib/gcc/arm-none-eabi/5.2.1/../../../../arm-none-eabi/lib/armv7e-m/fpu\libc_nano.a(lib_a-impure.o)
                              c:/ac6/systemworkbench/plugins/fr.ac6.mcu.externaltools.arm-none.win32_1.7.0.201602121829/tools/compiler/bin/../lib/gcc/arm-none-eabi/5.2.1/../../../../arm-none-eabi/lib/armv7e-m/fpu\libc_nano.a(lib_a-exit.o) (_global_impure_ptr)
c:/ac6/systemworkbench/plugins/fr.ac6.mcu.externaltools.arm-none.win32_1.7.0.201602121829/tools/compiler/bin/../lib/gcc/arm-none-eabi/5.2.1/../../../../arm-none-eabi/lib/armv7e-m/fpu\libc_nano.a(lib_a-init.o)
                              c:/ac6/systemworkbench/plugins/fr.ac6.mcu.externaltools.arm-none.win32_1.7.0.201602121829/tools/compiler/bin/../lib/gcc/arm-none-eabi/5.2.1/../../../../arm-none-eabi/lib/armv7e-m/fpu/crt0.o (__libc_init_array)
c:/ac6/systemworkbench/plugins/fr.ac6.mcu.externaltools.arm-none.win32_1.7.0.201602121829/tools/compiler/bin/../lib/gcc/arm-none-eabi/5.2.1/../../../../arm-none-eabi/lib/armv7e-m/fpu\libc_nano.a(lib_a-memset.o)
                              c:/ac6/systemworkbench/plugins/fr.ac6.mcu.externaltools.arm-none.win32_1.7.0.201602121829/tools/compiler/bin/../lib/gcc/arm-none-eabi/5.2.1/../../../../arm-none-eabi/lib/armv7e-m/fpu/crt0.o (memset)
c:/ac6/systemworkbench/plugins/fr.ac6.mcu.externaltools.arm-none.win32_1.7.0.201602121829/tools/compiler/bin/../lib/gcc/arm-none-eabi/5.2.1/../../../../arm-none-eabi/lib/armv7e-m/fpu\libnosys.a(_exit.o)
                              c:/ac6/systemworkbench/plugins/fr.ac6.mcu.externaltools.arm-none.win32_1.7.0.201602121829/tools/compiler/bin/../lib/gcc/arm-none-eabi/5.2.1/../../../../arm-none-eabi/lib/armv7e-m/fpu\libc_nano.a(lib_a-exit.o) (_exit)

Allocating common symbols
Common symbol       size              file

uwTick              0x4               Drivers/STM32F4xx_HAL_Driver/stm32f4xx_hal.o
pFlash              0x20              Drivers/STM32F4xx_HAL_Driver/stm32f4xx_hal_flash.o
hadc1               0x48              Application/User/main.o
Battery             0x4               Application/User/main.o
hdma_adc1           0x60              Application/User/main.o
huart2              0x40              Application/User/main.o
tic                 0x1               Application/User/main.o

Discarded input sections

 .text          0x00000000        0x0 c:/ac6/systemworkbench/plugins/fr.ac6.mcu.externaltools.arm-none.win32_1.7.0.201602121829/tools/compiler/bin/../lib/gcc/arm-none-eabi/5.2.1/armv7e-m/fpu/crti.o
 .data          0x00000000        0x0 c:/ac6/systemworkbench/plugins/fr.ac6.mcu.externaltools.arm-none.win32_1.7.0.201602121829/tools/compiler/bin/../lib/gcc/arm-none-eabi/5.2.1/armv7e-m/fpu/crti.o
 .bss           0x00000000        0x0 c:/ac6/systemworkbench/plugins/fr.ac6.mcu.externaltools.arm-none.win32_1.7.0.201602121829/tools/compiler/bin/../lib/gcc/arm-none-eabi/5.2.1/armv7e-m/fpu/crti.o
 .data          0x00000000        0x4 c:/ac6/systemworkbench/plugins/fr.ac6.mcu.externaltools.arm-none.win32_1.7.0.201602121829/tools/compiler/bin/../lib/gcc/arm-none-eabi/5.2.1/armv7e-m/fpu/crtbegin.o
 .text          0x00000000       0x74 c:/ac6/systemworkbench/plugins/fr.ac6.mcu.externaltools.arm-none.win32_1.7.0.201602121829/tools/compiler/bin/../lib/gcc/arm-none-eabi/5.2.1/../../../../arm-none-eabi/lib/armv7e-m/fpu/crt0.o
 .data          0x00000000        0x0 c:/ac6/systemworkbench/plugins/fr.ac6.mcu.externaltools.arm-none.win32_1.7.0.201602121829/tools/compiler/bin/../lib/gcc/arm-none-eabi/5.2.1/../../../../arm-none-eabi/lib/armv7e-m/fpu/crt0.o
 .bss           0x00000000        0x0 c:/ac6/systemworkbench/plugins/fr.ac6.mcu.externaltools.arm-none.win32_1.7.0.201602121829/tools/compiler/bin/../lib/gcc/arm-none-eabi/5.2.1/../../../../arm-none-eabi/lib/armv7e-m/fpu/crt0.o
 .ARM.extab     0x00000000        0x0 c:/ac6/systemworkbench/plugins/fr.ac6.mcu.externaltools.arm-none.win32_1.7.0.201602121829/tools/compiler/bin/../lib/gcc/arm-none-eabi/5.2.1/../../../../arm-none-eabi/lib/armv7e-m/fpu/crt0.o
 .ARM.exidx     0x00000000        0x8 c:/ac6/systemworkbench/plugins/fr.ac6.mcu.externaltools.arm-none.win32_1.7.0.201602121829/tools/compiler/bin/../lib/gcc/arm-none-eabi/5.2.1/../../../../arm-none-eabi/lib/armv7e-m/fpu/crt0.o
 .ARM.attributes
[...]
Memory Configuration

Name             Origin             Length             Attributes
RAM              0x20000000         0x00020000         xrw
FLASH            0x08000000         0x00080000         xr
*default*        0x00000000         0xffffffff

Linker script and memory map

LOAD c:/ac6/systemworkbench/plugins/fr.ac6.mcu.externaltools.arm-none.win32_1.7.0.201602121829/tools/compiler/bin/../lib/gcc/arm-none-eabi/5.2.1/armv7e-m/fpu/crti.o
LOAD c:/ac6/systemworkbench/plugins/fr.ac6.mcu.externaltools.arm-none.win32_1.7.0.201602121829/tools/compiler/bin/../lib/gcc/arm-none-eabi/5.2.1/armv7e-m/fpu/crtbegin.o
LOAD c:/ac6/systemworkbench/plugins/fr.ac6.mcu.externaltools.arm-none.win32_1.7.0.201602121829/tools/compiler/bin/../lib/gcc/arm-none-eabi/5.2.1/../../../../arm-none-eabi/lib/armv7e-m/fpu/crt0.o
LOAD c:/ac6/systemworkbench/plugins/fr.ac6.mcu.externaltools.arm-none.win32_1.7.0.201602121829/tools/compiler/bin/../lib/gcc/arm-none-eabi/5.2.1/../../../../arm-none-eabi/lib/armv7e-m/fpu\libm.a
LOAD Application/SW4STM32/startup_stm32f411xe.o
LOAD Application/User/main.o
LOAD Application/User/stm32f4xx_hal_msp.o
LOAD Application/User/stm32f4xx_it.o
LOAD Drivers/CMSIS/system_stm32f4xx.o
LOAD Drivers/STM32F4xx_HAL_Driver/stm32f4xx_hal.o
LOAD Drivers/STM32F4xx_HAL_Driver/stm32f4xx_hal_adc.o
LOAD Drivers/STM32F4xx_HAL_Driver/stm32f4xx_hal_adc_ex.o
LOAD Drivers/STM32F4xx_HAL_Driver/stm32f4xx_hal_cortex.o
LOAD Drivers/STM32F4xx_HAL_Driver/stm32f4xx_hal_dma.o
LOAD Drivers/STM32F4xx_HAL_Driver/stm32f4xx_hal_dma_ex.o
LOAD Drivers/STM32F4xx_HAL_Driver/stm32f4xx_hal_flash.o
LOAD Drivers/STM32F4xx_HAL_Driver/stm32f4xx_hal_flash_ex.o
LOAD Drivers/STM32F4xx_HAL_Driver/stm32f4xx_hal_flash_ramfunc.o
LOAD Drivers/STM32F4xx_HAL_Driver/stm32f4xx_hal_gpio.o
LOAD Drivers/STM32F4xx_HAL_Driver/stm32f4xx_hal_pwr.o
LOAD Drivers/STM32F4xx_HAL_Driver/stm32f4xx_hal_pwr_ex.o
LOAD Drivers/STM32F4xx_HAL_Driver/stm32f4xx_hal_rcc.o
LOAD Drivers/STM32F4xx_HAL_Driver/stm32f4xx_hal_rcc_ex.o
LOAD Drivers/STM32F4xx_HAL_Driver/stm32f4xx_hal_tim.o
LOAD Drivers/STM32F4xx_HAL_Driver/stm32f4xx_hal_tim_ex.o
LOAD Drivers/STM32F4xx_HAL_Driver/stm32f4xx_hal_uart.o
START GROUP
LOAD c:/ac6/systemworkbench/plugins/fr.ac6.mcu.externaltools.arm-none.win32_1.7.0.201602121829/tools/compiler/bin/../lib/gcc/arm-none-eabi/5.2.1/armv7e-m/fpu\libgcc.a
LOAD c:/ac6/systemworkbench/plugins/fr.ac6.mcu.externaltools.arm-none.win32_1.7.0.201602121829/tools/compiler/bin/../lib/gcc/arm-none-eabi/5.2.1/../../../../arm-none-eabi/lib/armv7e-m/fpu\libc_nano.a
END GROUP
START GROUP
LOAD c:/ac6/systemworkbench/plugins/fr.ac6.mcu.externaltools.arm-none.win32_1.7.0.201602121829/tools/compiler/bin/../lib/gcc/arm-none-eabi/5.2.1/armv7e-m/fpu\libgcc.a
LOAD c:/ac6/systemworkbench/plugins/fr.ac6.mcu.externaltools.arm-none.win32_1.7.0.201602121829/tools/compiler/bin/../lib/gcc/arm-none-eabi/5.2.1/../../../../arm-none-eabi/lib/armv7e-m/fpu\libc_nano.a
LOAD c:/ac6/systemworkbench/plugins/fr.ac6.mcu.externaltools.arm-none.win32_1.7.0.201602121829/tools/compiler/bin/../lib/gcc/arm-none-eabi/5.2.1/../../../../arm-none-eabi/lib/armv7e-m/fpu\libnosys.a
END GROUP
START GROUP
LOAD c:/ac6/systemworkbench/plugins/fr.ac6.mcu.externaltools.arm-none.win32_1.7.0.201602121829/tools/compiler/bin/../lib/gcc/arm-none-eabi/5.2.1/armv7e-m/fpu\libgcc.a
LOAD c:/ac6/systemworkbench/plugins/fr.ac6.mcu.externaltools.arm-none.win32_1.7.0.201602121829/tools/compiler/bin/../lib/gcc/arm-none-eabi/5.2.1/../../../../arm-none-eabi/lib/armv7e-m/fpu\libc_nano.a
LOAD c:/ac6/systemworkbench/plugins/fr.ac6.mcu.externaltools.arm-none.win32_1.7.0.201602121829/tools/compiler/bin/../lib/gcc/arm-none-eabi/5.2.1/../../../../arm-none-eabi/lib/armv7e-m/fpu\libnosys.a
END GROUP
LOAD c:/ac6/systemworkbench/plugins/fr.ac6.mcu.externaltools.arm-none.win32_1.7.0.201602121829/tools/compiler/bin/../lib/gcc/arm-none-eabi/5.2.1/armv7e-m/fpu/crtend.o
LOAD c:/ac6/systemworkbench/plugins/fr.ac6.mcu.externaltools.arm-none.win32_1.7.0.201602121829/tools/compiler/bin/../lib/gcc/arm-none-eabi/5.2.1/armv7e-m/fpu/crtn.o
                0x20020000                _estack = 0x20020000
                0x00000200                _Min_Heap_Size = 0x200
                0x00000400                _Min_Stack_Size = 0x400

.isr_vector     0x08000000      0x198
                0x08000000                . = ALIGN (0x4)
 *(.isr_vector)
 .isr_vector    0x08000000      0x198 Application/SW4STM32/startup_stm32f411xe.o
                0x08000000                g_pfnVectors
                0x08000198                . = ALIGN (0x4)

.text           0x08000198     0x2114
                0x08000198                . = ALIGN (0x4)
 *(.text)
 .text          0x08000198       0xa4 c:/ac6/systemworkbench/plugins/fr.ac6.mcu.externaltools.arm-none.win32_1.7.0.201602121829/tools/compiler/bin/../lib/gcc/arm-none-eabi/5.2.1/armv7e-m/fpu/crtbegin.o
 *(.text*)
 .text.Reset_Handler
                0x0800023c       0x50 Application/SW4STM32/startup_stm32f411xe.o
                0x0800023c                Reset_Handler
 .text.Default_Handler
                0x0800028c        0x2 Application/SW4STM32/startup_stm32f411xe.o
                0x0800028c                RTC_Alarm_IRQHandler
                0x0800028c                DebugMon_Handler
                0x0800028c                SPI4_IRQHandler
                0x0800028c                TIM1_CC_IRQHandler
                0x0800028c                DMA2_Stream5_IRQHandler
                0x0800028c                HardFault_Handler
                0x0800028c                DMA1_Stream5_IRQHandler
                0x0800028c                PVD_IRQHandler
                0x0800028c                SDIO_IRQHandler
                0x0800028c                TAMP_STAMP_IRQHandler
                0x0800028c                NMI_Handler
                0x0800028c                EXTI3_IRQHandler
                0x0800028c                TIM1_UP_TIM10_IRQHandler
                0x0800028c                I2C3_ER_IRQHandler
                0x0800028c                I2C2_EV_IRQHandler
                0x0800028c                DMA1_Stream2_IRQHandler
                0x0800028c                FPU_IRQHandler
                0x0800028c                UsageFault_Handler
                0x0800028c                DMA2_Stream2_IRQHandler
                0x0800028c                SPI1_IRQHandler
                0x0800028c                TIM1_BRK_TIM9_IRQHandler
                0x0800028c                DMA2_Stream3_IRQHandler
                0x0800028c                USART6_IRQHandler
                0x0800028c                TIM4_IRQHandler
                0x0800028c                I2C1_EV_IRQHandler
                0x0800028c                DMA1_Stream6_IRQHandler
                0x0800028c                DMA1_Stream1_IRQHandler
                0x0800028c                TIM3_IRQHandler
                0x0800028c                RCC_IRQHandler
                0x0800028c                Default_Handler
                0x0800028c                EXTI15_10_IRQHandler
                0x0800028c                ADC_IRQHandler
                0x0800028c                DMA1_Stream7_IRQHandler
                0x0800028c                SPI5_IRQHandler
                0x0800028c                TIM5_IRQHandler
                0x0800028c                DMA2_Stream7_IRQHandler
                0x0800028c                I2C3_EV_IRQHandler
                0x0800028c                EXTI9_5_IRQHandler
                0x0800028c                RTC_WKUP_IRQHandler
                0x0800028c                SPI2_IRQHandler
                0x0800028c                MemManage_Handler
                0x0800028c                DMA1_Stream0_IRQHandler
                0x0800028c                EXTI4_IRQHandler
                0x0800028c                WWDG_IRQHandler
                0x0800028c                TIM2_IRQHandler
                0x0800028c                OTG_FS_WKUP_IRQHandler
                0x0800028c                TIM1_TRG_COM_TIM11_IRQHandler
                0x0800028c                EXTI1_IRQHandler
                0x0800028c                I2C2_ER_IRQHandler
                0x0800028c                DMA2_Stream1_IRQHandler
                0x0800028c                FLASH_IRQHandler
                0x0800028c                DMA2_Stream4_IRQHandler
                0x0800028c                BusFault_Handler
                0x0800028c                USART1_IRQHandler
                0x0800028c                OTG_FS_IRQHandler
                0x0800028c                SPI3_IRQHandler
                0x0800028c                DMA1_Stream4_IRQHandler
                0x0800028c                I2C1_ER_IRQHandler
                0x0800028c                DMA2_Stream6_IRQHandler
                0x0800028c                DMA1_Stream3_IRQHandler
 *fill*         0x0800028e        0x2 
 .text.MX_GPIO_Init
                0x08000290       0xd4 Application/User/main.o
 .text.MX_DMA_Init
                0x08000364       0x34 Application/User/main.o
 .text.HAL_GPIO_EXTI_Callback
                0x08000398       0x8c Application/User/main.o
                0x08000398                HAL_GPIO_EXTI_Callback
 .text.HAL_SYSTICK_Callback
                0x08000424       0x34 Application/User/main.o
                0x08000424                HAL_SYSTICK_Callback
 .text.HAL_UART_RxCpltCallback
                0x08000458       0x90 Application/User/main.o
                0x08000458                HAL_UART_RxCpltCallback
 .text._Error_Handler
                0x080004e8        0x4 Application/User/main.o
                0x080004e8                _Error_Handler
 .text.MX_USART2_UART_Init
                0x080004ec       0x3c Application/User/main.o
 .text.MX_ADC1_Init
                0x08000528       0x90 Application/User/main.o
 .text.SystemClock_Config
                0x080005b8       0xc0 Application/User/main.o
                0x080005b8                SystemClock_Config
 .text.main     0x08000678       0x40 Application/User/main.o
                0x08000678                main
 .text.HAL_MspInit
                0x080006b8       0x60 Application/User/stm32f4xx_hal_msp.o
                0x080006b8                HAL_MspInit
 .text.HAL_ADC_MspInit
                0x08000718       0xa4 Application/User/stm32f4xx_hal_msp.o
                0x08000718                HAL_ADC_MspInit
 .text.HAL_UART_MspInit
                0x080007bc       0x60 Application/User/stm32f4xx_hal_msp.o
                0x080007bc                HAL_UART_MspInit
 .text.SVC_Handler
                0x0800081c        0x4 Application/User/stm32f4xx_it.o
                0x0800081c                SVC_Handler
 .text.PendSV_Handler
                0x08000820        0x4 Application/User/stm32f4xx_it.o
                0x08000820                PendSV_Handler
 .text.SysTick_Handler
                0x08000824        0xc Application/User/stm32f4xx_it.o
                0x08000824                SysTick_Handler
 .text.EXTI0_IRQHandler
                0x08000830        0xc Application/User/stm32f4xx_it.o
                0x08000830                EXTI0_IRQHandler
 .text.EXTI2_IRQHandler
                0x0800083c        0xc Application/User/stm32f4xx_it.o
                0x0800083c                EXTI2_IRQHandler
 .text.USART2_IRQHandler
                0x08000848       0x10 Application/User/stm32f4xx_it.o
                0x08000848                USART2_IRQHandler
 .text.DMA2_Stream0_IRQHandler
                0x08000858       0x10 Application/User/stm32f4xx_it.o
                0x08000858                DMA2_Stream0_IRQHandler
 .text.SystemInit
                0x08000868       0x4c Drivers/CMSIS/system_stm32f4xx.o
                0x08000868                SystemInit
 .text.HAL_InitTick
                0x080008b4       0x2c Drivers/STM32F4xx_HAL_Driver/stm32f4xx_hal.o
                0x080008b4                HAL_InitTick
 .text.HAL_Init
                0x080008e0       0x34 Drivers/STM32F4xx_HAL_Driver/stm32f4xx_hal.o
                0x080008e0                HAL_Init
 .text.HAL_IncTick
                0x08000914       0x10 Drivers/STM32F4xx_HAL_Driver/stm32f4xx_hal.o
                0x08000914                HAL_IncTick
 .text.HAL_GetTick
                0x08000924        0xc Drivers/STM32F4xx_HAL_Driver/stm32f4xx_hal.o
                0x08000924                HAL_GetTick
 .text.ADC_Init
                0x08000930      0x138 Drivers/STM32F4xx_HAL_Driver/stm32f4xx_hal_adc.o
 .text.HAL_ADC_Init
                0x08000a68       0x54 Drivers/STM32F4xx_HAL_Driver/stm32f4xx_hal_adc.o
                0x08000a68                HAL_ADC_Init
 .text.HAL_ADC_Start_DMA
                0x08000abc      0x140 Drivers/STM32F4xx_HAL_Driver/stm32f4xx_hal_adc.o
                0x08000abc                HAL_ADC_Start_DMA
 .text.HAL_ADC_ConvCpltCallback
                0x08000bfc        0x4 Drivers/STM32F4xx_HAL_Driver/stm32f4xx_hal_adc.o
                0x08000bfc                HAL_ADC_ConvCpltCallback
 .text.ADC_DMAConvCplt
                0x08000c00       0x64 Drivers/STM32F4xx_HAL_Driver/stm32f4xx_hal_adc.o
 .text.HAL_ADC_ConvHalfCpltCallback
                0x08000c64        0x4 Drivers/STM32F4xx_HAL_Driver/stm32f4xx_hal_adc.o
                0x08000c64                HAL_ADC_ConvHalfCpltCallback
 .text.ADC_DMAHalfConvCplt
                0x08000c68        0xc Drivers/STM32F4xx_HAL_Driver/stm32f4xx_hal_adc.o
 .text.HAL_ADC_ErrorCallback
                0x08000c74        0x4 Drivers/STM32F4xx_HAL_Driver/stm32f4xx_hal_adc.o
                0x08000c74                HAL_ADC_ErrorCallback
 .text.ADC_DMAError
                0x08000c78       0x18 Drivers/STM32F4xx_HAL_Driver/stm32f4xx_hal_adc.o
 .text.HAL_ADC_ConfigChannel
                0x08000c90      0x190 Drivers/STM32F4xx_HAL_Driver/stm32f4xx_hal_adc.o
                0x08000c90                HAL_ADC_ConfigChannel
 .text.HAL_NVIC_SetPriorityGrouping
                0x08000e20       0x24 Drivers/STM32F4xx_HAL_Driver/stm32f4xx_hal_cortex.o
                0x08000e20                HAL_NVIC_SetPriorityGrouping
 .text.HAL_NVIC_SetPriority
                0x08000e44       0x64 Drivers/STM32F4xx_HAL_Driver/stm32f4xx_hal_cortex.o
                0x08000e44                HAL_NVIC_SetPriority
 .text.HAL_NVIC_EnableIRQ
                0x08000ea8       0x18 Drivers/STM32F4xx_HAL_Driver/stm32f4xx_hal_cortex.o
                0x08000ea8                HAL_NVIC_EnableIRQ
 .text.HAL_SYSTICK_Config
                0x08000ec0       0x2c Drivers/STM32F4xx_HAL_Driver/stm32f4xx_hal_cortex.o
                0x08000ec0                HAL_SYSTICK_Config
 .text.HAL_SYSTICK_CLKSourceConfig
                0x08000eec       0x20 Drivers/STM32F4xx_HAL_Driver/stm32f4xx_hal_cortex.o
                0x08000eec                HAL_SYSTICK_CLKSourceConfig
 .text.HAL_SYSTICK_IRQHandler
                0x08000f0c        0x8 Drivers/STM32F4xx_HAL_Driver/stm32f4xx_hal_cortex.o
                0x08000f0c                HAL_SYSTICK_IRQHandler
 .text.DMA_SetConfig
                0x08000f14       0x2c Drivers/STM32F4xx_HAL_Driver/stm32f4xx_hal_dma.o
 .text.DMA_CalcBaseAndBitshift
                0x08000f40       0x3c Drivers/STM32F4xx_HAL_Driver/stm32f4xx_hal_dma.o
 .text.DMA_CheckFifoParam
                0x08000f7c       0x90 Drivers/STM32F4xx_HAL_Driver/stm32f4xx_hal_dma.o
 .text.HAL_DMA_Init
                0x0800100c       0xd0 Drivers/STM32F4xx_HAL_Driver/stm32f4xx_hal_dma.o
                0x0800100c                HAL_DMA_Init
 .text.HAL_DMA_Start_IT
                0x080010dc       0x74 Drivers/STM32F4xx_HAL_Driver/stm32f4xx_hal_dma.o
                0x080010dc                HAL_DMA_Start_IT
 .text.HAL_DMA_Abort_IT
                0x08001150       0x28 Drivers/STM32F4xx_HAL_Driver/stm32f4xx_hal_dma.o
                0x08001150                HAL_DMA_Abort_IT
 .text.HAL_DMA_IRQHandler
                0x08001178      0x1e0 Drivers/STM32F4xx_HAL_Driver/stm32f4xx_hal_dma.o
                0x08001178                HAL_DMA_IRQHandler
 .text.HAL_GPIO_Init
                0x08001358      0x19c Drivers/STM32F4xx_HAL_Driver/stm32f4xx_hal_gpio.o
                0x08001358                HAL_GPIO_Init
 .text.HAL_GPIO_ReadPin
                0x080014f4       0x10 Drivers/STM32F4xx_HAL_Driver/stm32f4xx_hal_gpio.o
                0x080014f4                HAL_GPIO_ReadPin
 .text.HAL_GPIO_WritePin
                0x08001504        0xc Drivers/STM32F4xx_HAL_Driver/stm32f4xx_hal_gpio.o
                0x08001504                HAL_GPIO_WritePin
 .text.HAL_GPIO_EXTI_IRQHandler
                0x08001510       0x18 Drivers/STM32F4xx_HAL_Driver/stm32f4xx_hal_gpio.o
                0x08001510                HAL_GPIO_EXTI_IRQHandler
 .text.HAL_RCC_OscConfig
                0x08001528      0x3c8 Drivers/STM32F4xx_HAL_Driver/stm32f4xx_hal_rcc.o
                0x08001528                HAL_RCC_OscConfig
 .text.HAL_RCC_GetSysClockFreq
                0x080018f0       0xa4 Drivers/STM32F4xx_HAL_Driver/stm32f4xx_hal_rcc.o
                0x080018f0                HAL_RCC_GetSysClockFreq
 .text.HAL_RCC_ClockConfig
                0x08001994      0x1b0 Drivers/STM32F4xx_HAL_Driver/stm32f4xx_hal_rcc.o
                0x08001994                HAL_RCC_ClockConfig
 .text.HAL_RCC_GetHCLKFreq
                0x08001b44        0xc Drivers/STM32F4xx_HAL_Driver/stm32f4xx_hal_rcc.o
                0x08001b44                HAL_RCC_GetHCLKFreq
 .text.HAL_RCC_GetPCLK1Freq
                0x08001b50       0x30 Drivers/STM32F4xx_HAL_Driver/stm32f4xx_hal_rcc.o
                0x08001b50                HAL_RCC_GetPCLK1Freq
 .text.HAL_RCC_GetPCLK2Freq
                0x08001b80       0x30 Drivers/STM32F4xx_HAL_Driver/stm32f4xx_hal_rcc.o
                0x08001b80                HAL_RCC_GetPCLK2Freq
 .text.UART_EndRxTransfer
                0x08001bb0       0x1c Drivers/STM32F4xx_HAL_Driver/stm32f4xx_hal_uart.o
 .text.UART_Transmit_IT
                0x08001bcc       0x6c Drivers/STM32F4xx_HAL_Driver/stm32f4xx_hal_uart.o
 .text.UART_SetConfig
                0x08001c38      0x32c Drivers/STM32F4xx_HAL_Driver/stm32f4xx_hal_uart.o
 .text.HAL_UART_Init
                0x08001f64       0x64 Drivers/STM32F4xx_HAL_Driver/stm32f4xx_hal_uart.o
                0x08001f64                HAL_UART_Init
 .text.HAL_UART_Transmit_IT
                0x08001fc8       0x48 Drivers/STM32F4xx_HAL_Driver/stm32f4xx_hal_uart.o
                0x08001fc8                HAL_UART_Transmit_IT
 .text.HAL_UART_Receive_IT
                0x08002010       0x54 Drivers/STM32F4xx_HAL_Driver/stm32f4xx_hal_uart.o
                0x08002010                HAL_UART_Receive_IT
 .text.HAL_UART_TxCpltCallback
                0x08002064        0x4 Drivers/STM32F4xx_HAL_Driver/stm32f4xx_hal_uart.o
                0x08002064                HAL_UART_TxCpltCallback
 .text.UART_EndTransmit_IT
                0x08002068       0x1c Drivers/STM32F4xx_HAL_Driver/stm32f4xx_hal_uart.o
 .text.UART_Receive_IT
                0x08002084       0x94 Drivers/STM32F4xx_HAL_Driver/stm32f4xx_hal_uart.o
 .text.HAL_UART_ErrorCallback
                0x08002118        0x4 Drivers/STM32F4xx_HAL_Driver/stm32f4xx_hal_uart.o
                0x08002118                HAL_UART_ErrorCallback
 .text.HAL_UART_IRQHandler
                0x0800211c      0x11c Drivers/STM32F4xx_HAL_Driver/stm32f4xx_hal_uart.o
                0x0800211c                HAL_UART_IRQHandler
 .text.UART_DMAAbortOnError
                0x08002238       0x10 Drivers/STM32F4xx_HAL_Driver/stm32f4xx_hal_uart.o
 .text.__libc_init_array
                0x08002248       0x4c c:/ac6/systemworkbench/plugins/fr.ac6.mcu.externaltools.arm-none.win32_1.7.0.201602121829/tools/compiler/bin/../lib/gcc/arm-none-eabi/5.2.1/../../../../arm-none-eabi/lib/armv7e-m/fpu\libc_nano.a(lib_a-init.o)
                0x08002248                __libc_init_array
 *(.glue_7)
 .glue_7        0x08002294        0x0 linker stubs
 *(.glue_7t)
 .glue_7t       0x08002294        0x0 linker stubs
 *(.eh_frame)
 .eh_frame      0x08002294        0x0 c:/ac6/systemworkbench/plugins/fr.ac6.mcu.externaltools.arm-none.win32_1.7.0.201602121829/tools/compiler/bin/../lib/gcc/arm-none-eabi/5.2.1/armv7e-m/fpu/crtbegin.o
 *(.init)
 .init          0x08002294        0x4 c:/ac6/systemworkbench/plugins/fr.ac6.mcu.externaltools.arm-none.win32_1.7.0.201602121829/tools/compiler/bin/../lib/gcc/arm-none-eabi/5.2.1/armv7e-m/fpu/crti.o
                0x08002294                _init
 .init          0x08002298        0x8 c:/ac6/systemworkbench/plugins/fr.ac6.mcu.externaltools.arm-none.win32_1.7.0.201602121829/tools/compiler/bin/../lib/gcc/arm-none-eabi/5.2.1/armv7e-m/fpu/crtn.o
 *(.fini)
 .fini          0x080022a0        0x4 c:/ac6/systemworkbench/plugins/fr.ac6.mcu.externaltools.arm-none.win32_1.7.0.201602121829/tools/compiler/bin/../lib/gcc/arm-none-eabi/5.2.1/armv7e-m/fpu/crti.o
                0x080022a0                _fini
 .fini          0x080022a4        0x8 c:/ac6/systemworkbench/plugins/fr.ac6.mcu.externaltools.arm-none.win32_1.7.0.201602121829/tools/compiler/bin/../lib/gcc/arm-none-eabi/5.2.1/armv7e-m/fpu/crtn.o
                0x080022ac                . = ALIGN (0x4)
                0x080022ac                _etext = .

.vfp11_veneer   0x080022ac        0x0
 .vfp11_veneer  0x080022ac        0x0 linker stubs

.v4_bx          0x080022ac        0x0
 .v4_bx         0x080022ac        0x0 linker stubs

.iplt           0x080022ac        0x0
 .iplt          0x080022ac        0x0 c:/ac6/systemworkbench/plugins/fr.ac6.mcu.externaltools.arm-none.win32_1.7.0.201602121829/tools/compiler/bin/../lib/gcc/arm-none-eabi/5.2.1/armv7e-m/fpu/crtbegin.o

.rodata         0x080022ac       0x6c
                0x080022ac                . = ALIGN (0x4)
 *(.rodata)
 .rodata        0x080022ac       0x18 Drivers/CMSIS/system_stm32f4xx.o
                0x080022ac                AHBPrescTable
                0x080022bc                APBPrescTable
 .rodata        0x080022c4        0x8 Drivers/STM32F4xx_HAL_Driver/stm32f4xx_hal_dma.o
 *(.rodata*)
 .rodata.str1.4
                0x080022cc       0x1e Application/User/main.o
 *fill*         0x080022ea        0x2 
 .rodata.str1.4
                0x080022ec       0x2c Application/User/stm32f4xx_hal_msp.o
                                 0x2b (size before relaxing)
                0x08002318                . = ALIGN (0x4)

.rel.dyn        0x08002318        0x0
 .rel.iplt      0x08002318        0x0 c:/ac6/systemworkbench/plugins/fr.ac6.mcu.externaltools.arm-none.win32_1.7.0.201602121829/tools/compiler/bin/../lib/gcc/arm-none-eabi/5.2.1/armv7e-m/fpu/crtbegin.o

.ARM.extab
 *(.ARM.extab* .gnu.linkonce.armextab.*)

.ARM            0x08002318        0x0
                0x08002318                __exidx_start = .
 *(.ARM.exidx*)
                0x08002318                __exidx_end = .

.preinit_array  0x08002318        0x0
                0x08002318                PROVIDE (__preinit_array_start, .)
 *(.preinit_array*)
                0x08002318                PROVIDE (__preinit_array_end, .)

.init_array     0x08002318        0x4
                0x08002318                PROVIDE (__init_array_start, .)
 *(SORT(.init_array.*))
 *(.init_array*)
 .init_array    0x08002318        0x4 c:/ac6/systemworkbench/plugins/fr.ac6.mcu.externaltools.arm-none.win32_1.7.0.201602121829/tools/compiler/bin/../lib/gcc/arm-none-eabi/5.2.1/armv7e-m/fpu/crtbegin.o
                0x0800231c                PROVIDE (__init_array_end, .)

.fini_array     0x0800231c        0x4
                [!provide]                PROVIDE (__fini_array_start, .)
 *(SORT(.fini_array.*))
 *(.fini_array*)
 .fini_array    0x0800231c        0x4 c:/ac6/systemworkbench/plugins/fr.ac6.mcu.externaltools.arm-none.win32_1.7.0.201602121829/tools/compiler/bin/../lib/gcc/arm-none-eabi/5.2.1/armv7e-m/fpu/crtbegin.o
                [!provide]                PROVIDE (__fini_array_end, .)
                0x08002320                _sidata = LOADADDR (.data)

.data           0x20000000        0x4 load address 0x08002320
                0x20000000                . = ALIGN (0x4)
                0x20000000                _sdata = .
 *(.data)
 .data          0x20000000        0x4 Drivers/CMSIS/system_stm32f4xx.o
                0x20000000                SystemCoreClock
 *(.data*)
                0x20000004                . = ALIGN (0x4)
                0x20000004                _edata = .

.jcr            0x20000004        0x0 load address 0x08002324
 .jcr           0x20000004        0x0 c:/ac6/systemworkbench/plugins/fr.ac6.mcu.externaltools.arm-none.win32_1.7.0.201602121829/tools/compiler/bin/../lib/gcc/arm-none-eabi/5.2.1/armv7e-m/fpu/crtbegin.o

.tm_clone_table
                0x20000004        0x0 load address 0x08002324
 .tm_clone_table
                0x20000004        0x0 c:/ac6/systemworkbench/plugins/fr.ac6.mcu.externaltools.arm-none.win32_1.7.0.201602121829/tools/compiler/bin/../lib/gcc/arm-none-eabi/5.2.1/armv7e-m/fpu/crtbegin.o
 .tm_clone_table
                0x20000004        0x0 c:/ac6/systemworkbench/plugins/fr.ac6.mcu.externaltools.arm-none.win32_1.7.0.201602121829/tools/compiler/bin/../lib/gcc/arm-none-eabi/5.2.1/armv7e-m/fpu/crtend.o

.igot.plt       0x20000004        0x0 load address 0x08002324
 .igot.plt      0x20000004        0x0 c:/ac6/systemworkbench/plugins/fr.ac6.mcu.externaltools.arm-none.win32_1.7.0.201602121829/tools/compiler/bin/../lib/gcc/arm-none-eabi/5.2.1/armv7e-m/fpu/crtbegin.o
                0x20000004                . = ALIGN (0x4)

.bss            0x20000004      0x134 load address 0x08002324
                0x20000004                _sbss = .
                0x20000004                __bss_start__ = _sbss
 *(.bss)
 .bss           0x20000004       0x1c c:/ac6/systemworkbench/plugins/fr.ac6.mcu.externaltools.arm-none.win32_1.7.0.201602121829/tools/compiler/bin/../lib/gcc/arm-none-eabi/5.2.1/armv7e-m/fpu/crtbegin.o
 .bss           0x20000020       0x22 Application/User/main.o
                0x20000020                eL_a
                0x20000022                eLdir
                0x20000024                eL_Ncnt
                0x20000026                eR_a
                0x20000028                eRdir
                0x2000002a                eR_Ncnt
                0x2000002c                eL_speed
                0x2000002e                eR_speed
 *(.bss*)
 *(COMMON)
 *fill*         0x20000042        0x2 
 COMMON         0x20000044       0xed Application/User/main.o
                0x20000044                hadc1
                0x2000008c                Battery
                0x20000090                hdma_adc1
                0x200000f0                huart2
                0x20000130                tic
 *fill*         0x20000131        0x3 
 COMMON         0x20000134        0x4 Drivers/STM32F4xx_HAL_Driver/stm32f4xx_hal.o
                0x20000134                uwTick
                0x20000138                . = ALIGN (0x4)
                0x20000138                _ebss = .
                0x20000138                __bss_end__ = _ebss

._user_heap_stack
                0x20000138      0x600 load address 0x08002324
                0x20000138                . = ALIGN (0x8)
                [!provide]                PROVIDE (end, .)
                [!provide]                PROVIDE (_end, .)
                0x20000338                . = (. + _Min_Heap_Size)
 *fill*         0x20000138      0x200 
                0x20000738                . = (. + _Min_Stack_Size)
 *fill*         0x20000338      0x400 
                0x20000738                . = ALIGN (0x8)

/DISCARD/
 libc.a(*)
 libm.a(*)
 libgcc.a(*)

.ARM.attributes
                0x00000000       0x30
 *(.ARM.attributes)
 .ARM.attributes
                0x00000000       0x22 c:/ac6/systemworkbench/plugins/fr.ac6.mcu.externaltools.arm-none.win32_1.7.0.201602121829/tools/compiler/bin/../lib/gcc/arm-none-eabi/5.2.1/armv7e-m/fpu/crti.o
 .ARM.attributes
                0x00000022       0x34 c:/ac6/systemworkbench/plugins/fr.ac6.mcu.externaltools.arm-none.win32_1.7.0.201602121829/tools/compiler/bin/../lib/gcc/arm-none-eabi/5.2.1/armv7e-m/fpu/crtbegin.o
 .ARM.attributes
                0x00000056       0x21 Application/SW4STM32/startup_stm32f411xe.o
 .ARM.attributes
                0x00000077       0x39 Application/User/main.o
 .ARM.attributes
                0x000000b0       0x39 Application/User/stm32f4xx_hal_msp.o
 .ARM.attributes
                0x000000e9       0x39 Application/User/stm32f4xx_it.o
 .ARM.attributes
                0x00000122       0x39 Drivers/CMSIS/system_stm32f4xx.o
 .ARM.attributes
                0x0000015b       0x39 Drivers/STM32F4xx_HAL_Driver/stm32f4xx_hal.o
 .ARM.attributes
                0x00000194       0x39 Drivers/STM32F4xx_HAL_Driver/stm32f4xx_hal_adc.o
 .ARM.attributes
                0x000001cd       0x39 Drivers/STM32F4xx_HAL_Driver/stm32f4xx_hal_cortex.o
 .ARM.attributes
                0x00000206       0x39 Drivers/STM32F4xx_HAL_Driver/stm32f4xx_hal_dma.o
 .ARM.attributes
                0x0000023f       0x39 Drivers/STM32F4xx_HAL_Driver/stm32f4xx_hal_gpio.o
 .ARM.attributes
                0x00000278       0x39 Drivers/STM32F4xx_HAL_Driver/stm32f4xx_hal_rcc.o
 .ARM.attributes
                0x000002b1       0x39 Drivers/STM32F4xx_HAL_Driver/stm32f4xx_hal_uart.o
 .ARM.attributes
                0x000002ea       0x34 c:/ac6/systemworkbench/plugins/fr.ac6.mcu.externaltools.arm-none.win32_1.7.0.201602121829/tools/compiler/bin/../lib/gcc/arm-none-eabi/5.2.1/../../../../arm-none-eabi/lib/armv7e-m/fpu\libc_nano.a(lib_a-init.o)
 .ARM.attributes
                0x0000031e       0x34 c:/ac6/systemworkbench/plugins/fr.ac6.mcu.externaltools.arm-none.win32_1.7.0.201602121829/tools/compiler/bin/../lib/gcc/arm-none-eabi/5.2.1/armv7e-m/fpu/crtend.o
 .ARM.attributes
                0x00000352       0x22 c:/ac6/systemworkbench/plugins/fr.ac6.mcu.externaltools.arm-none.win32_1.7.0.201602121829/tools/compiler/bin/../lib/gcc/arm-none-eabi/5.2.1/armv7e-m/fpu/crtn.o
OUTPUT(encoder.elf elf32-littlearm)

.debug_line     0x00000000     0x6875
 .debug_line    0x00000000       0x90 Application/SW4STM32/startup_stm32f411xe.o
 .debug_line    0x00000090      0x81b Application/User/main.o
 .debug_line    0x000008ab      0x782 Application/User/stm32f4xx_hal_msp.o
 .debug_line    0x0000102d      0x77b Application/User/stm32f4xx_it.o
 .debug_line    0x000017a8      0x732 Drivers/CMSIS/system_stm32f4xx.o
 .debug_line    0x00001eda      0x8b9 Drivers/STM32F4xx_HAL_Driver/stm32f4xx_hal.o
 .debug_line    0x00002793      0xb5a Drivers/STM32F4xx_HAL_Driver/stm32f4xx_hal_adc.o
 .debug_line    0x000032ed      0x916 Drivers/STM32F4xx_HAL_Driver/stm32f4xx_hal_cortex.o
 .debug_line    0x00003c03      0xa19 Drivers/STM32F4xx_HAL_Driver/stm32f4xx_hal_dma.o
 .debug_line    0x0000461c      0x870 Drivers/STM32F4xx_HAL_Driver/stm32f4xx_hal_gpio.o
 .debug_line    0x00004e8c      0xa36 Drivers/STM32F4xx_HAL_Driver/stm32f4xx_hal_rcc.o
 .debug_line    0x000058c2      0xfb3 Drivers/STM32F4xx_HAL_Driver/stm32f4xx_hal_uart.o

.debug_info     0x00000000     0x8a23
 .debug_info    0x00000000       0x83 Application/SW4STM32/startup_stm32f411xe.o
 .debug_info    0x00000083     0x14fd Application/User/main.o
 .debug_info    0x00001580      0xf23 Application/User/stm32f4xx_hal_msp.o
 .debug_info    0x000024a3      0x650 Application/User/stm32f4xx_it.o
 .debug_info    0x00002af3      0x500 Drivers/CMSIS/system_stm32f4xx.o
 .debug_info    0x00002ff3      0x8bc Drivers/STM32F4xx_HAL_Driver/stm32f4xx_hal.o
 .debug_info    0x000038af      0xdce Drivers/STM32F4xx_HAL_Driver/stm32f4xx_hal_adc.o
 .debug_info    0x0000467d      0xe68 Drivers/STM32F4xx_HAL_Driver/stm32f4xx_hal_cortex.o
 .debug_info    0x000054e5      0xa55 Drivers/STM32F4xx_HAL_Driver/stm32f4xx_hal_dma.o
 .debug_info    0x00005f3a      0x743 Drivers/STM32F4xx_HAL_Driver/stm32f4xx_hal_gpio.o
 .debug_info    0x0000667d      0xcfa Drivers/STM32F4xx_HAL_Driver/stm32f4xx_hal_rcc.o
 .debug_info    0x00007377     0x16ac Drivers/STM32F4xx_HAL_Driver/stm32f4xx_hal_uart.o

.debug_abbrev   0x00000000     0x17c6
 .debug_abbrev  0x00000000       0x12 Application/SW4STM32/startup_stm32f411xe.o
 .debug_abbrev  0x00000012      0x257 Application/User/main.o
 .debug_abbrev  0x00000269      0x1bc Application/User/stm32f4xx_hal_msp.o
 .debug_abbrev  0x00000425      0x183 Application/User/stm32f4xx_it.o
 .debug_abbrev  0x000005a8      0x104 Drivers/CMSIS/system_stm32f4xx.o
 .debug_abbrev  0x000006ac      0x287 Drivers/STM32F4xx_HAL_Driver/stm32f4xx_hal.o
 .debug_abbrev  0x00000933      0x244 Drivers/STM32F4xx_HAL_Driver/stm32f4xx_hal_adc.o
 .debug_abbrev  0x00000b77      0x2fe Drivers/STM32F4xx_HAL_Driver/stm32f4xx_hal_cortex.o
 .debug_abbrev  0x00000e75      0x256 Drivers/STM32F4xx_HAL_Driver/stm32f4xx_hal_dma.o
 .debug_abbrev  0x000010cb      0x1cd Drivers/STM32F4xx_HAL_Driver/stm32f4xx_hal_gpio.o
 .debug_abbrev  0x00001298      0x2b0 Drivers/STM32F4xx_HAL_Driver/stm32f4xx_hal_rcc.o
 .debug_abbrev  0x00001548      0x27e Drivers/STM32F4xx_HAL_Driver/stm32f4xx_hal_uart.o

.debug_aranges  0x00000000      0x6e0
 .debug_aranges
                0x00000000       0x28 Application/SW4STM32/startup_stm32f411xe.o
 .debug_aranges
                0x00000028       0x68 Application/User/main.o
 .debug_aranges
                0x00000090       0x40 Application/User/stm32f4xx_hal_msp.o
 .debug_aranges
                0x000000d0       0x50 Application/User/stm32f4xx_it.o
 .debug_aranges
                0x00000120       0x28 Drivers/CMSIS/system_stm32f4xx.o
 .debug_aranges
                0x00000148       0xc8 Drivers/STM32F4xx_HAL_Driver/stm32f4xx_hal.o
 .debug_aranges
                0x00000210       0xe8 Drivers/STM32F4xx_HAL_Driver/stm32f4xx_hal_adc.o
 .debug_aranges
                0x000002f8       0xa8 Drivers/STM32F4xx_HAL_Driver/stm32f4xx_hal_cortex.o
 .debug_aranges
                0x000003a0       0x90 Drivers/STM32F4xx_HAL_Driver/stm32f4xx_hal_dma.o
 .debug_aranges
                0x00000430       0x58 Drivers/STM32F4xx_HAL_Driver/stm32f4xx_hal_gpio.o
 .debug_aranges
                0x00000488       0x88 Drivers/STM32F4xx_HAL_Driver/stm32f4xx_hal_rcc.o
 .debug_aranges
                0x00000510      0x1d0 Drivers/STM32F4xx_HAL_Driver/stm32f4xx_hal_uart.o

.debug_ranges   0x00000000      0x628
 .debug_ranges  0x00000000       0x20 Application/SW4STM32/startup_stm32f411xe.o
 .debug_ranges  0x00000020       0x58 Application/User/main.o
 .debug_ranges  0x00000078       0x30 Application/User/stm32f4xx_hal_msp.o
 .debug_ranges  0x000000a8       0x40 Application/User/stm32f4xx_it.o
 .debug_ranges  0x000000e8       0x18 Drivers/CMSIS/system_stm32f4xx.o
 .debug_ranges  0x00000100       0xb8 Drivers/STM32F4xx_HAL_Driver/stm32f4xx_hal.o
 .debug_ranges  0x000001b8       0xd8 Drivers/STM32F4xx_HAL_Driver/stm32f4xx_hal_adc.o
 .debug_ranges  0x00000290       0x98 Drivers/STM32F4xx_HAL_Driver/stm32f4xx_hal_cortex.o
 .debug_ranges  0x00000328       0x80 Drivers/STM32F4xx_HAL_Driver/stm32f4xx_hal_dma.o
 .debug_ranges  0x000003a8       0x48 Drivers/STM32F4xx_HAL_Driver/stm32f4xx_hal_gpio.o
 .debug_ranges  0x000003f0       0x78 Drivers/STM32F4xx_HAL_Driver/stm32f4xx_hal_rcc.o
 .debug_ranges  0x00000468      0x1c0 Drivers/STM32F4xx_HAL_Driver/stm32f4xx_hal_uart.o

.debug_loc      0x00000000     0x3728
 .debug_loc     0x00000000       0x5b Application/User/main.o
 .debug_loc     0x0000005b       0x9f Application/User/stm32f4xx_hal_msp.o
 .debug_loc     0x000000fa      0x132 Drivers/CMSIS/system_stm32f4xx.o
 .debug_loc     0x0000022c       0x91 Drivers/STM32F4xx_HAL_Driver/stm32f4xx_hal.o
 .debug_loc     0x000002bd      0x82f Drivers/STM32F4xx_HAL_Driver/stm32f4xx_hal_adc.o
 .debug_loc     0x00000aec      0x548 Drivers/STM32F4xx_HAL_Driver/stm32f4xx_hal_cortex.o
 .debug_loc     0x00001034      0x9be Drivers/STM32F4xx_HAL_Driver/stm32f4xx_hal_dma.o
 .debug_loc     0x000019f2      0x39a Drivers/STM32F4xx_HAL_Driver/stm32f4xx_hal_gpio.o
 .debug_loc     0x00001d8c      0x622 Drivers/STM32F4xx_HAL_Driver/stm32f4xx_hal_rcc.o
 .debug_loc     0x000023ae     0x137a Drivers/STM32F4xx_HAL_Driver/stm32f4xx_hal_uart.o

.debug_macro    0x00000000    0x15d0c
 .debug_macro   0x00000000      0x2e2 Application/User/main.o
 .debug_macro   0x000002e2      0x898 Application/User/main.o
 .debug_macro   0x00000b7a       0x7c Application/User/main.o
 .debug_macro   0x00000bf6      0x180 Application/User/main.o
 .debug_macro   0x00000d76       0x33 Application/User/main.o
 .debug_macro   0x00000da9       0x28 Application/User/main.o
 .debug_macro   0x00000dd1       0x22 Application/User/main.o
 .debug_macro   0x00000df3       0x44 Application/User/main.o
 .debug_macro   0x00000e37       0xfd Application/User/main.o
 .debug_macro   0x00000f34       0x22 Application/User/main.o
 .debug_macro   0x00000f56      0x1df Application/User/main.o
 .debug_macro   0x00001135       0x35 Application/User/main.o
 .debug_macro   0x0000116a       0x50 Application/User/main.o
 .debug_macro   0x000011ba      0xe66 Application/User/main.o
 .debug_macro   0x00002020     0xb906 Application/User/main.o
 .debug_macro   0x0000d926       0x43 Application/User/main.o
 .debug_macro   0x0000d969     0x3574 Application/User/main.o
 .debug_macro   0x00010edd       0x58 Application/User/main.o
 .debug_macro   0x00010f35       0x35 Application/User/main.o
 .debug_macro   0x00010f6a       0x9c Application/User/main.o
 .debug_macro   0x00011006       0x16 Application/User/main.o
 .debug_macro   0x0001101c       0x97 Application/User/main.o
 .debug_macro   0x000110b3      0x329 Application/User/main.o
 .debug_macro   0x000113dc       0xfd Application/User/main.o
 .debug_macro   0x000114d9       0x10 Application/User/main.o
 .debug_macro   0x000114e9       0x52 Application/User/main.o
 .debug_macro   0x0001153b       0x16 Application/User/main.o
 .debug_macro   0x00011551       0x43 Application/User/main.o
 .debug_macro   0x00011594      0x187 Application/User/main.o
 .debug_macro   0x0001171b       0x10 Application/User/main.o
 .debug_macro   0x0001172b       0x22 Application/User/main.o
 .debug_macro   0x0001174d       0x3a Application/User/main.o
 .debug_macro   0x00011787       0x10 Application/User/main.o
 .debug_macro   0x00011797       0x40 Application/User/main.o
 .debug_macro   0x000117d7       0x65 Application/User/main.o
 .debug_macro   0x0001183c       0x16 Application/User/main.o
 .debug_macro   0x00011852      0x197 Application/User/main.o
 .debug_macro   0x000119e9       0x50 Application/User/main.o
 .debug_macro   0x00011a39      0x447 Application/User/main.o
 .debug_macro   0x00011e80      0x9e1 Application/User/main.o
 .debug_macro   0x00012861      0x11e Application/User/main.o
 .debug_macro   0x0001297f      0x11b Application/User/main.o
 .debug_macro   0x00012a9a       0x27 Application/User/main.o
 .debug_macro   0x00012ac1      0x287 Application/User/main.o
 .debug_macro   0x00012d48       0x5f Application/User/main.o
 .debug_macro   0x00012da7      0x23a Application/User/main.o
 .debug_macro   0x00012fe1      0x391 Application/User/main.o
 .debug_macro   0x00013372      0x17d Application/User/main.o
 .debug_macro   0x000134ef       0xf9 Application/User/main.o
 .debug_macro   0x000135e8      0x13a Application/User/main.o
 .debug_macro   0x00013722      0x264 Application/User/main.o
 .debug_macro   0x00013986       0x2e Application/User/main.o
 .debug_macro   0x000139b4      0x11e Application/User/main.o
 .debug_macro   0x00013ad2       0x85 Application/User/main.o
 .debug_macro   0x00013b57       0x89 Application/User/main.o
 .debug_macro   0x00013be0      0x287 Application/User/main.o
 .debug_macro   0x00013e67      0x11e Application/User/main.o
 .debug_macro   0x00013f85      0x2de Application/User/stm32f4xx_hal_msp.o
 .debug_macro   0x00014263      0x2e8 Application/User/stm32f4xx_it.o
 .debug_macro   0x0001454b      0x2e4 Drivers/CMSIS/system_stm32f4xx.o
 .debug_macro   0x0001482f      0x33e Drivers/STM32F4xx_HAL_Driver/stm32f4xx_hal.o
 .debug_macro   0x00014b6d      0x2df Drivers/STM32F4xx_HAL_Driver/stm32f4xx_hal_adc.o
 .debug_macro   0x00014e4c      0x2de Drivers/STM32F4xx_HAL_Driver/stm32f4xx_hal_cortex.o
 .debug_macro   0x0001512a      0x2e5 Drivers/STM32F4xx_HAL_Driver/stm32f4xx_hal_dma.o
 .debug_macro   0x0001540f      0x316 Drivers/STM32F4xx_HAL_Driver/stm32f4xx_hal_gpio.o
 .debug_macro   0x00015725      0x308 Drivers/STM32F4xx_HAL_Driver/stm32f4xx_hal_rcc.o
 .debug_macro   0x00015a2d      0x2df Drivers/STM32F4xx_HAL_Driver/stm32f4xx_hal_uart.o

.debug_str      0x00000000    0x841c9
 .debug_str     0x00000000    0x82836 Application/User/main.o
                              0x82b8d (size before relaxing)
 .debug_str     0x00082836       0xdf Application/User/stm32f4xx_hal_msp.o
                              0x828cb (size before relaxing)
 .debug_str     0x00082915      0x112 Application/User/stm32f4xx_it.o
                              0x8221a (size before relaxing)
 .debug_str     0x00082a27       0xfb Drivers/CMSIS/system_stm32f4xx.o
                              0x81f05 (size before relaxing)
 .debug_str     0x00082b22      0x562 Drivers/STM32F4xx_HAL_Driver/stm32f4xx_hal.o
                              0x8286a (size before relaxing)
 .debug_str     0x00083084      0x2bf Drivers/STM32F4xx_HAL_Driver/stm32f4xx_hal_adc.o
                              0x824c5 (size before relaxing)
 .debug_str     0x00083343      0x310 Drivers/STM32F4xx_HAL_Driver/stm32f4xx_hal_cortex.o
                              0x82620 (size before relaxing)
 .debug_str     0x00083653      0x2e5 Drivers/STM32F4xx_HAL_Driver/stm32f4xx_hal_dma.o
                              0x822fd (size before relaxing)
 .debug_str     0x00083938      0x1a2 Drivers/STM32F4xx_HAL_Driver/stm32f4xx_hal_gpio.o
                              0x8211d (size before relaxing)
 .debug_str     0x00083ada      0x220 Drivers/STM32F4xx_HAL_Driver/stm32f4xx_hal_rcc.o
                              0x8231a (size before relaxing)
 .debug_str     0x00083cfa      0x4cf Drivers/STM32F4xx_HAL_Driver/stm32f4xx_hal_uart.o
                              0x82750 (size before relaxing)

.comment        0x00000000       0x6e
 .comment       0x00000000       0x6e Application/User/main.o
                                 0x6f (size before relaxing)
 .comment       0x0000006e       0x6f Application/User/stm32f4xx_hal_msp.o
 .comment       0x0000006e       0x6f Application/User/stm32f4xx_it.o
 .comment       0x0000006e       0x6f Drivers/CMSIS/system_stm32f4xx.o
 .comment       0x0000006e       0x6f Drivers/STM32F4xx_HAL_Driver/stm32f4xx_hal.o
 .comment       0x0000006e       0x6f Drivers/STM32F4xx_HAL_Driver/stm32f4xx_hal_adc.o
 .comment       0x0000006e       0x6f Drivers/STM32F4xx_HAL_Driver/stm32f4xx_hal_cortex.o
 .comment       0x0000006e       0x6f Drivers/STM32F4xx_HAL_Driver/stm32f4xx_hal_dma.o
 .comment       0x0000006e       0x6f Drivers/STM32F4xx_HAL_Driver/stm32f4xx_hal_gpio.o
 .comment       0x0000006e       0x6f Drivers/STM32F4xx_HAL_Driver/stm32f4xx_hal_rcc.o
 .comment       0x0000006e       0x6f Drivers/STM32F4xx_HAL_Driver/stm32f4xx_hal_uart.o

.debug_frame    0x00000000     0x107c
 .debug_frame   0x00000000      0x108 Application/User/main.o
 .debug_frame   0x00000108       0xa8 Application/User/stm32f4xx_hal_msp.o
 .debug_frame   0x000001b0       0xa8 Application/User/stm32f4xx_it.o
 .debug_frame   0x00000258       0x30 Drivers/CMSIS/system_stm32f4xx.o
 .debug_frame   0x00000288      0x198 Drivers/STM32F4xx_HAL_Driver/stm32f4xx_hal.o
 .debug_frame   0x00000420      0x25c Drivers/STM32F4xx_HAL_Driver/stm32f4xx_hal_adc.o
 .debug_frame   0x0000067c      0x154 Drivers/STM32F4xx_HAL_Driver/stm32f4xx_hal_cortex.o
 .debug_frame   0x000007d0      0x184 Drivers/STM32F4xx_HAL_Driver/stm32f4xx_hal_dma.o
 .debug_frame   0x00000954       0xc4 Drivers/STM32F4xx_HAL_Driver/stm32f4xx_hal_gpio.o
 .debug_frame   0x00000a18      0x150 Drivers/STM32F4xx_HAL_Driver/stm32f4xx_hal_rcc.o
 .debug_frame   0x00000b68      0x4e8 Drivers/STM32F4xx_HAL_Driver/stm32f4xx_hal_uart.o
 .debug_frame   0x00001050       0x2c c:/ac6/systemworkbench/plugins/fr.ac6.mcu.externaltools.arm-none.win32_1.7.0.201602121829/tools/compiler/bin/../lib/gcc/arm-none-eabi/5.2.1/../../../../arm-none-eabi/lib/armv7e-m/fpu\libc_nano.a(lib_a-init.o)
