11:00:03 **** Incremental Build of configuration Debug for project encoder ****
make all 
'Building file: D:/AGV/STM/encoder/Src/main.c'
'Invoking: MCU GCC Compiler'
D:\AGV\STM\encoder\SW4STM32\encoder\Debug
arm-none-eabi-gcc -mcpu=cortex-m4 -mthumb -mfloat-abi=hard -mfpu=fpv4-sp-d16 -D__weak=__attribute__((weak)) -D__packed=__attribute__((__packed__)) -DUSE_HAL_DRIVER -DSTM32F411xE -I"D:/AGV/STM/encoder/Inc" -I"D:/AGV/STM/encoder/Drivers/STM32F4xx_HAL_Driver/Inc" -I"D:/AGV/STM/encoder/Drivers/STM32F4xx_HAL_Driver/Inc/Legacy" -I"D:/AGV/STM/encoder/Drivers/CMSIS/Device/ST/STM32F4xx/Include" -I"D:/AGV/STM/encoder/Drivers/CMSIS/Include" -I"D:/AGV/STM/encoder/Inc"  -Og -g3 -Wall -fmessage-length=0 -ffunction-sections -c -fmessage-length=0 -MMD -MP -MF"Application/User/main.d" -MT"Application/User/main.o" -o "Application/User/main.o" "D:/AGV/STM/encoder/Src/main.c"
D:/AGV/STM/encoder/Src/main.c: In function 'main':
D:/AGV/STM/encoder/Src/main.c:192:28: warning: passing argument 2 of 'HAL_ADC_Start_DMA' from incompatible pointer type [-Wincompatible-pointer-types]
   HAL_ADC_Start_DMA(&hadc1,Battery,2);
                            ^
In file included from D:/AGV/STM/encoder/Inc/stm32f4xx_hal_conf.h:260:0,
                 from D:/AGV/STM/encoder/Drivers/STM32F4xx_HAL_Driver/Inc/stm32f4xx_hal.h:48,
                 from D:/AGV/STM/encoder/Src/main.c:40:
D:/AGV/STM/encoder/Drivers/STM32F4xx_HAL_Driver/Inc/stm32f4xx_hal_adc.h:555:19: note: expected 'uint32_t * {aka long unsigned int *}' but argument is of type 'uint16_t * {aka short unsigned int *}'
 HAL_StatusTypeDef HAL_ADC_Start_DMA(ADC_HandleTypeDef* hadc, uint32_t* pData, uint32_t Length);
                   ^
'Finished building: D:/AGV/STM/encoder/Src/main.c'
' '
'Building target: encoder.elf'
'Invoking: MCU GCC Linker'
arm-none-eabi-gcc -mcpu=cortex-m4 -mthumb -mfloat-abi=hard -mfpu=fpv4-sp-d16 -specs=nosys.specs -specs=nano.specs -T"../STM32F411RETx_FLASH.ld" -Wl,-Map=output.map -Wl,--gc-sections -lm -o "encoder.elf" @"objects.list"  
'Finished building target: encoder.elf'
' '
make --no-print-directory post-build
'Generating binary and Printing size information:'
arm-none-eabi-objcopy -O binary "encoder.elf" "encoder.bin"
arm-none-eabi-size "encoder.elf"
   text	   data	    bss	    dec	    hex	filename
   8980	     12	   1844	  10836	   2a54	encoder.elf
' '

11:00:04 Build Finished (took 1s.83ms)

