19:17:04 **** Incremental Build of configuration Release for project encoder ****
make all 
'Building file: D:/AGV/STM/encoder/Drivers/STM32F4xx_HAL_Driver/Src/stm32f4xx_hal.c'
'Invoking: MCU GCC Compiler'
D:\AGV\STM\encoder\SW4STM32\encoder\Release
arm-none-eabi-gcc -mcpu=cortex-m4 -mthumb -mfloat-abi=hard -mfpu=fpv4-sp-d16 -D__weak=__attribute__((weak)) -D__packed=__attribute__((__packed__)) -DUSE_HAL_DRIVER -DSTM32F411xE -I"D:/AGV/STM/encoder/Inc" -I"D:/AGV/STM/encoder/Drivers/STM32F4xx_HAL_Driver/Inc" -I"D:/AGV/STM/encoder/Drivers/STM32F4xx_HAL_Driver/Inc/Legacy" -I"D:/AGV/STM/encoder/Drivers/CMSIS/Device/ST/STM32F4xx/Include" -I"D:/AGV/STM/encoder/Drivers/CMSIS/Include" -I"D:/AGV/STM/encoder/Inc"  -Og -g3 -Wall -fmessage-length=0 -ffunction-sections -c -fmessage-length=0 -MMD -MP -MF"Drivers/STM32F4xx_HAL_Driver/stm32f4xx_hal.d" -MT"Drivers/STM32F4xx_HAL_Driver/stm32f4xx_hal.o" -o "Drivers/STM32F4xx_HAL_Driver/stm32f4xx_hal.o" "D:/AGV/STM/encoder/Drivers/STM32F4xx_HAL_Driver/Src/stm32f4xx_hal.c"
'Finished building: D:/AGV/STM/encoder/Drivers/STM32F4xx_HAL_Driver/Src/stm32f4xx_hal.c'
' '
'Building file: D:/AGV/STM/encoder/Drivers/STM32F4xx_HAL_Driver/Src/stm32f4xx_hal_adc.c'
'Invoking: MCU GCC Compiler'
D:\AGV\STM\encoder\SW4STM32\encoder\Release
arm-none-eabi-gcc -mcpu=cortex-m4 -mthumb -mfloat-abi=hard -mfpu=fpv4-sp-d16 -D__weak=__attribute__((weak)) -D__packed=__attribute__((__packed__)) -DUSE_HAL_DRIVER -DSTM32F411xE -I"D:/AGV/STM/encoder/Inc" -I"D:/AGV/STM/encoder/Drivers/STM32F4xx_HAL_Driver/Inc" -I"D:/AGV/STM/encoder/Drivers/STM32F4xx_HAL_Driver/Inc/Legacy" -I"D:/AGV/STM/encoder/Drivers/CMSIS/Device/ST/STM32F4xx/Include" -I"D:/AGV/STM/encoder/Drivers/CMSIS/Include" -I"D:/AGV/STM/encoder/Inc"  -Og -g3 -Wall -fmessage-length=0 -ffunction-sections -c -fmessage-length=0 -MMD -MP -MF"Drivers/STM32F4xx_HAL_Driver/stm32f4xx_hal_adc.d" -MT"Drivers/STM32F4xx_HAL_Driver/stm32f4xx_hal_adc.o" -o "Drivers/STM32F4xx_HAL_Driver/stm32f4xx_hal_adc.o" "D:/AGV/STM/encoder/Drivers/STM32F4xx_HAL_Driver/Src/stm32f4xx_hal_adc.c"
'Finished building: D:/AGV/STM/encoder/Drivers/STM32F4xx_HAL_Driver/Src/stm32f4xx_hal_adc.c'
' '
'Building file: D:/AGV/STM/encoder/Drivers/STM32F4xx_HAL_Driver/Src/stm32f4xx_hal_adc_ex.c'
'Invoking: MCU GCC Compiler'
D:\AGV\STM\encoder\SW4STM32\encoder\Release
arm-none-eabi-gcc -mcpu=cortex-m4 -mthumb -mfloat-abi=hard -mfpu=fpv4-sp-d16 -D__weak=__attribute__((weak)) -D__packed=__attribute__((__packed__)) -DUSE_HAL_DRIVER -DSTM32F411xE -I"D:/AGV/STM/encoder/Inc" -I"D:/AGV/STM/encoder/Drivers/STM32F4xx_HAL_Driver/Inc" -I"D:/AGV/STM/encoder/Drivers/STM32F4xx_HAL_Driver/Inc/Legacy" -I"D:/AGV/STM/encoder/Drivers/CMSIS/Device/ST/STM32F4xx/Include" -I"D:/AGV/STM/encoder/Drivers/CMSIS/Include" -I"D:/AGV/STM/encoder/Inc"  -Og -g3 -Wall -fmessage-length=0 -ffunction-sections -c -fmessage-length=0 -MMD -MP -MF"Drivers/STM32F4xx_HAL_Driver/stm32f4xx_hal_adc_ex.d" -MT"Drivers/STM32F4xx_HAL_Driver/stm32f4xx_hal_adc_ex.o" -o "Drivers/STM32F4xx_HAL_Driver/stm32f4xx_hal_adc_ex.o" "D:/AGV/STM/encoder/Drivers/STM32F4xx_HAL_Driver/Src/stm32f4xx_hal_adc_ex.c"
'Finished building: D:/AGV/STM/encoder/Drivers/STM32F4xx_HAL_Driver/Src/stm32f4xx_hal_adc_ex.c'
' '
'Building file: D:/AGV/STM/encoder/Drivers/STM32F4xx_HAL_Driver/Src/stm32f4xx_hal_cortex.c'
'Invoking: MCU GCC Compiler'
D:\AGV\STM\encoder\SW4STM32\encoder\Release
arm-none-eabi-gcc -mcpu=cortex-m4 -mthumb -mfloat-abi=hard -mfpu=fpv4-sp-d16 -D__weak=__attribute__((weak)) -D__packed=__attribute__((__packed__)) -DUSE_HAL_DRIVER -DSTM32F411xE -I"D:/AGV/STM/encoder/Inc" -I"D:/AGV/STM/encoder/Drivers/STM32F4xx_HAL_Driver/Inc" -I"D:/AGV/STM/encoder/Drivers/STM32F4xx_HAL_Driver/Inc/Legacy" -I"D:/AGV/STM/encoder/Drivers/CMSIS/Device/ST/STM32F4xx/Include" -I"D:/AGV/STM/encoder/Drivers/CMSIS/Include" -I"D:/AGV/STM/encoder/Inc"  -Og -g3 -Wall -fmessage-length=0 -ffunction-sections -c -fmessage-length=0 -MMD -MP -MF"Drivers/STM32F4xx_HAL_Driver/stm32f4xx_hal_cortex.d" -MT"Drivers/STM32F4xx_HAL_Driver/stm32f4xx_hal_cortex.o" -o "Drivers/STM32F4xx_HAL_Driver/stm32f4xx_hal_cortex.o" "D:/AGV/STM/encoder/Drivers/STM32F4xx_HAL_Driver/Src/stm32f4xx_hal_cortex.c"
'Finished building: D:/AGV/STM/encoder/Drivers/STM32F4xx_HAL_Driver/Src/stm32f4xx_hal_cortex.c'
' '
'Building file: D:/AGV/STM/encoder/Drivers/STM32F4xx_HAL_Driver/Src/stm32f4xx_hal_dma.c'
'Invoking: MCU GCC Compiler'
D:\AGV\STM\encoder\SW4STM32\encoder\Release
arm-none-eabi-gcc -mcpu=cortex-m4 -mthumb -mfloat-abi=hard -mfpu=fpv4-sp-d16 -D__weak=__attribute__((weak)) -D__packed=__attribute__((__packed__)) -DUSE_HAL_DRIVER -DSTM32F411xE -I"D:/AGV/STM/encoder/Inc" -I"D:/AGV/STM/encoder/Drivers/STM32F4xx_HAL_Driver/Inc" -I"D:/AGV/STM/encoder/Drivers/STM32F4xx_HAL_Driver/Inc/Legacy" -I"D:/AGV/STM/encoder/Drivers/CMSIS/Device/ST/STM32F4xx/Include" -I"D:/AGV/STM/encoder/Drivers/CMSIS/Include" -I"D:/AGV/STM/encoder/Inc"  -Og -g3 -Wall -fmessage-length=0 -ffunction-sections -c -fmessage-length=0 -MMD -MP -MF"Drivers/STM32F4xx_HAL_Driver/stm32f4xx_hal_dma.d" -MT"Drivers/STM32F4xx_HAL_Driver/stm32f4xx_hal_dma.o" -o "Drivers/STM32F4xx_HAL_Driver/stm32f4xx_hal_dma.o" "D:/AGV/STM/encoder/Drivers/STM32F4xx_HAL_Driver/Src/stm32f4xx_hal_dma.c"
'Finished building: D:/AGV/STM/encoder/Drivers/STM32F4xx_HAL_Driver/Src/stm32f4xx_hal_dma.c'
' '
'Building file: D:/AGV/STM/encoder/Drivers/STM32F4xx_HAL_Driver/Src/stm32f4xx_hal_dma_ex.c'
'Invoking: MCU GCC Compiler'
D:\AGV\STM\encoder\SW4STM32\encoder\Release
arm-none-eabi-gcc -mcpu=cortex-m4 -mthumb -mfloat-abi=hard -mfpu=fpv4-sp-d16 -D__weak=__attribute__((weak)) -D__packed=__attribute__((__packed__)) -DUSE_HAL_DRIVER -DSTM32F411xE -I"D:/AGV/STM/encoder/Inc" -I"D:/AGV/STM/encoder/Drivers/STM32F4xx_HAL_Driver/Inc" -I"D:/AGV/STM/encoder/Drivers/STM32F4xx_HAL_Driver/Inc/Legacy" -I"D:/AGV/STM/encoder/Drivers/CMSIS/Device/ST/STM32F4xx/Include" -I"D:/AGV/STM/encoder/Drivers/CMSIS/Include" -I"D:/AGV/STM/encoder/Inc"  -Og -g3 -Wall -fmessage-length=0 -ffunction-sections -c -fmessage-length=0 -MMD -MP -MF"Drivers/STM32F4xx_HAL_Driver/stm32f4xx_hal_dma_ex.d" -MT"Drivers/STM32F4xx_HAL_Driver/stm32f4xx_hal_dma_ex.o" -o "Drivers/STM32F4xx_HAL_Driver/stm32f4xx_hal_dma_ex.o" "D:/AGV/STM/encoder/Drivers/STM32F4xx_HAL_Driver/Src/stm32f4xx_hal_dma_ex.c"
'Finished building: D:/AGV/STM/encoder/Drivers/STM32F4xx_HAL_Driver/Src/stm32f4xx_hal_dma_ex.c'
' '
'Building file: D:/AGV/STM/encoder/Drivers/STM32F4xx_HAL_Driver/Src/stm32f4xx_hal_flash.c'
'Invoking: MCU GCC Compiler'
D:\AGV\STM\encoder\SW4STM32\encoder\Release
arm-none-eabi-gcc -mcpu=cortex-m4 -mthumb -mfloat-abi=hard -mfpu=fpv4-sp-d16 -D__weak=__attribute__((weak)) -D__packed=__attribute__((__packed__)) -DUSE_HAL_DRIVER -DSTM32F411xE -I"D:/AGV/STM/encoder/Inc" -I"D:/AGV/STM/encoder/Drivers/STM32F4xx_HAL_Driver/Inc" -I"D:/AGV/STM/encoder/Drivers/STM32F4xx_HAL_Driver/Inc/Legacy" -I"D:/AGV/STM/encoder/Drivers/CMSIS/Device/ST/STM32F4xx/Include" -I"D:/AGV/STM/encoder/Drivers/CMSIS/Include" -I"D:/AGV/STM/encoder/Inc"  -Og -g3 -Wall -fmessage-length=0 -ffunction-sections -c -fmessage-length=0 -MMD -MP -MF"Drivers/STM32F4xx_HAL_Driver/stm32f4xx_hal_flash.d" -MT"Drivers/STM32F4xx_HAL_Driver/stm32f4xx_hal_flash.o" -o "Drivers/STM32F4xx_HAL_Driver/stm32f4xx_hal_flash.o" "D:/AGV/STM/encoder/Drivers/STM32F4xx_HAL_Driver/Src/stm32f4xx_hal_flash.c"
'Finished building: D:/AGV/STM/encoder/Drivers/STM32F4xx_HAL_Driver/Src/stm32f4xx_hal_flash.c'
' '
'Building file: D:/AGV/STM/encoder/Drivers/STM32F4xx_HAL_Driver/Src/stm32f4xx_hal_flash_ex.c'
'Invoking: MCU GCC Compiler'
D:\AGV\STM\encoder\SW4STM32\encoder\Release
arm-none-eabi-gcc -mcpu=cortex-m4 -mthumb -mfloat-abi=hard -mfpu=fpv4-sp-d16 -D__weak=__attribute__((weak)) -D__packed=__attribute__((__packed__)) -DUSE_HAL_DRIVER -DSTM32F411xE -I"D:/AGV/STM/encoder/Inc" -I"D:/AGV/STM/encoder/Drivers/STM32F4xx_HAL_Driver/Inc" -I"D:/AGV/STM/encoder/Drivers/STM32F4xx_HAL_Driver/Inc/Legacy" -I"D:/AGV/STM/encoder/Drivers/CMSIS/Device/ST/STM32F4xx/Include" -I"D:/AGV/STM/encoder/Drivers/CMSIS/Include" -I"D:/AGV/STM/encoder/Inc"  -Og -g3 -Wall -fmessage-length=0 -ffunction-sections -c -fmessage-length=0 -MMD -MP -MF"Drivers/STM32F4xx_HAL_Driver/stm32f4xx_hal_flash_ex.d" -MT"Drivers/STM32F4xx_HAL_Driver/stm32f4xx_hal_flash_ex.o" -o "Drivers/STM32F4xx_HAL_Driver/stm32f4xx_hal_flash_ex.o" "D:/AGV/STM/encoder/Drivers/STM32F4xx_HAL_Driver/Src/stm32f4xx_hal_flash_ex.c"
'Finished building: D:/AGV/STM/encoder/Drivers/STM32F4xx_HAL_Driver/Src/stm32f4xx_hal_flash_ex.c'
' '
'Building file: D:/AGV/STM/encoder/Drivers/STM32F4xx_HAL_Driver/Src/stm32f4xx_hal_flash_ramfunc.c'
'Invoking: MCU GCC Compiler'
D:\AGV\STM\encoder\SW4STM32\encoder\Release
arm-none-eabi-gcc -mcpu=cortex-m4 -mthumb -mfloat-abi=hard -mfpu=fpv4-sp-d16 -D__weak=__attribute__((weak)) -D__packed=__attribute__((__packed__)) -DUSE_HAL_DRIVER -DSTM32F411xE -I"D:/AGV/STM/encoder/Inc" -I"D:/AGV/STM/encoder/Drivers/STM32F4xx_HAL_Driver/Inc" -I"D:/AGV/STM/encoder/Drivers/STM32F4xx_HAL_Driver/Inc/Legacy" -I"D:/AGV/STM/encoder/Drivers/CMSIS/Device/ST/STM32F4xx/Include" -I"D:/AGV/STM/encoder/Drivers/CMSIS/Include" -I"D:/AGV/STM/encoder/Inc"  -Og -g3 -Wall -fmessage-length=0 -ffunction-sections -c -fmessage-length=0 -MMD -MP -MF"Drivers/STM32F4xx_HAL_Driver/stm32f4xx_hal_flash_ramfunc.d" -MT"Drivers/STM32F4xx_HAL_Driver/stm32f4xx_hal_flash_ramfunc.o" -o "Drivers/STM32F4xx_HAL_Driver/stm32f4xx_hal_flash_ramfunc.o" "D:/AGV/STM/encoder/Drivers/STM32F4xx_HAL_Driver/Src/stm32f4xx_hal_flash_ramfunc.c"
'Finished building: D:/AGV/STM/encoder/Drivers/STM32F4xx_HAL_Driver/Src/stm32f4xx_hal_flash_ramfunc.c'
' '
'Building file: D:/AGV/STM/encoder/Drivers/STM32F4xx_HAL_Driver/Src/stm32f4xx_hal_gpio.c'
'Invoking: MCU GCC Compiler'
D:\AGV\STM\encoder\SW4STM32\encoder\Release
arm-none-eabi-gcc -mcpu=cortex-m4 -mthumb -mfloat-abi=hard -mfpu=fpv4-sp-d16 -D__weak=__attribute__((weak)) -D__packed=__attribute__((__packed__)) -DUSE_HAL_DRIVER -DSTM32F411xE -I"D:/AGV/STM/encoder/Inc" -I"D:/AGV/STM/encoder/Drivers/STM32F4xx_HAL_Driver/Inc" -I"D:/AGV/STM/encoder/Drivers/STM32F4xx_HAL_Driver/Inc/Legacy" -I"D:/AGV/STM/encoder/Drivers/CMSIS/Device/ST/STM32F4xx/Include" -I"D:/AGV/STM/encoder/Drivers/CMSIS/Include" -I"D:/AGV/STM/encoder/Inc"  -Og -g3 -Wall -fmessage-length=0 -ffunction-sections -c -fmessage-length=0 -MMD -MP -MF"Drivers/STM32F4xx_HAL_Driver/stm32f4xx_hal_gpio.d" -MT"Drivers/STM32F4xx_HAL_Driver/stm32f4xx_hal_gpio.o" -o "Drivers/STM32F4xx_HAL_Driver/stm32f4xx_hal_gpio.o" "D:/AGV/STM/encoder/Drivers/STM32F4xx_HAL_Driver/Src/stm32f4xx_hal_gpio.c"
'Finished building: D:/AGV/STM/encoder/Drivers/STM32F4xx_HAL_Driver/Src/stm32f4xx_hal_gpio.c'
' '
'Building file: D:/AGV/STM/encoder/Drivers/STM32F4xx_HAL_Driver/Src/stm32f4xx_hal_pwr.c'
'Invoking: MCU GCC Compiler'
D:\AGV\STM\encoder\SW4STM32\encoder\Release
arm-none-eabi-gcc -mcpu=cortex-m4 -mthumb -mfloat-abi=hard -mfpu=fpv4-sp-d16 -D__weak=__attribute__((weak)) -D__packed=__attribute__((__packed__)) -DUSE_HAL_DRIVER -DSTM32F411xE -I"D:/AGV/STM/encoder/Inc" -I"D:/AGV/STM/encoder/Drivers/STM32F4xx_HAL_Driver/Inc" -I"D:/AGV/STM/encoder/Drivers/STM32F4xx_HAL_Driver/Inc/Legacy" -I"D:/AGV/STM/encoder/Drivers/CMSIS/Device/ST/STM32F4xx/Include" -I"D:/AGV/STM/encoder/Drivers/CMSIS/Include" -I"D:/AGV/STM/encoder/Inc"  -Og -g3 -Wall -fmessage-length=0 -ffunction-sections -c -fmessage-length=0 -MMD -MP -MF"Drivers/STM32F4xx_HAL_Driver/stm32f4xx_hal_pwr.d" -MT"Drivers/STM32F4xx_HAL_Driver/stm32f4xx_hal_pwr.o" -o "Drivers/STM32F4xx_HAL_Driver/stm32f4xx_hal_pwr.o" "D:/AGV/STM/encoder/Drivers/STM32F4xx_HAL_Driver/Src/stm32f4xx_hal_pwr.c"
'Finished building: D:/AGV/STM/encoder/Drivers/STM32F4xx_HAL_Driver/Src/stm32f4xx_hal_pwr.c'
' '
'Building file: D:/AGV/STM/encoder/Drivers/STM32F4xx_HAL_Driver/Src/stm32f4xx_hal_pwr_ex.c'
'Invoking: MCU GCC Compiler'
D:\AGV\STM\encoder\SW4STM32\encoder\Release
arm-none-eabi-gcc -mcpu=cortex-m4 -mthumb -mfloat-abi=hard -mfpu=fpv4-sp-d16 -D__weak=__attribute__((weak)) -D__packed=__attribute__((__packed__)) -DUSE_HAL_DRIVER -DSTM32F411xE -I"D:/AGV/STM/encoder/Inc" -I"D:/AGV/STM/encoder/Drivers/STM32F4xx_HAL_Driver/Inc" -I"D:/AGV/STM/encoder/Drivers/STM32F4xx_HAL_Driver/Inc/Legacy" -I"D:/AGV/STM/encoder/Drivers/CMSIS/Device/ST/STM32F4xx/Include" -I"D:/AGV/STM/encoder/Drivers/CMSIS/Include" -I"D:/AGV/STM/encoder/Inc"  -Og -g3 -Wall -fmessage-length=0 -ffunction-sections -c -fmessage-length=0 -MMD -MP -MF"Drivers/STM32F4xx_HAL_Driver/stm32f4xx_hal_pwr_ex.d" -MT"Drivers/STM32F4xx_HAL_Driver/stm32f4xx_hal_pwr_ex.o" -o "Drivers/STM32F4xx_HAL_Driver/stm32f4xx_hal_pwr_ex.o" "D:/AGV/STM/encoder/Drivers/STM32F4xx_HAL_Driver/Src/stm32f4xx_hal_pwr_ex.c"
'Finished building: D:/AGV/STM/encoder/Drivers/STM32F4xx_HAL_Driver/Src/stm32f4xx_hal_pwr_ex.c'
' '
'Building file: D:/AGV/STM/encoder/Drivers/STM32F4xx_HAL_Driver/Src/stm32f4xx_hal_rcc.c'
'Invoking: MCU GCC Compiler'
D:\AGV\STM\encoder\SW4STM32\encoder\Release
arm-none-eabi-gcc -mcpu=cortex-m4 -mthumb -mfloat-abi=hard -mfpu=fpv4-sp-d16 -D__weak=__attribute__((weak)) -D__packed=__attribute__((__packed__)) -DUSE_HAL_DRIVER -DSTM32F411xE -I"D:/AGV/STM/encoder/Inc" -I"D:/AGV/STM/encoder/Drivers/STM32F4xx_HAL_Driver/Inc" -I"D:/AGV/STM/encoder/Drivers/STM32F4xx_HAL_Driver/Inc/Legacy" -I"D:/AGV/STM/encoder/Drivers/CMSIS/Device/ST/STM32F4xx/Include" -I"D:/AGV/STM/encoder/Drivers/CMSIS/Include" -I"D:/AGV/STM/encoder/Inc"  -Og -g3 -Wall -fmessage-length=0 -ffunction-sections -c -fmessage-length=0 -MMD -MP -MF"Drivers/STM32F4xx_HAL_Driver/stm32f4xx_hal_rcc.d" -MT"Drivers/STM32F4xx_HAL_Driver/stm32f4xx_hal_rcc.o" -o "Drivers/STM32F4xx_HAL_Driver/stm32f4xx_hal_rcc.o" "D:/AGV/STM/encoder/Drivers/STM32F4xx_HAL_Driver/Src/stm32f4xx_hal_rcc.c"
'Finished building: D:/AGV/STM/encoder/Drivers/STM32F4xx_HAL_Driver/Src/stm32f4xx_hal_rcc.c'
' '
'Building file: D:/AGV/STM/encoder/Drivers/STM32F4xx_HAL_Driver/Src/stm32f4xx_hal_rcc_ex.c'
'Invoking: MCU GCC Compiler'
D:\AGV\STM\encoder\SW4STM32\encoder\Release
arm-none-eabi-gcc -mcpu=cortex-m4 -mthumb -mfloat-abi=hard -mfpu=fpv4-sp-d16 -D__weak=__attribute__((weak)) -D__packed=__attribute__((__packed__)) -DUSE_HAL_DRIVER -DSTM32F411xE -I"D:/AGV/STM/encoder/Inc" -I"D:/AGV/STM/encoder/Drivers/STM32F4xx_HAL_Driver/Inc" -I"D:/AGV/STM/encoder/Drivers/STM32F4xx_HAL_Driver/Inc/Legacy" -I"D:/AGV/STM/encoder/Drivers/CMSIS/Device/ST/STM32F4xx/Include" -I"D:/AGV/STM/encoder/Drivers/CMSIS/Include" -I"D:/AGV/STM/encoder/Inc"  -Og -g3 -Wall -fmessage-length=0 -ffunction-sections -c -fmessage-length=0 -MMD -MP -MF"Drivers/STM32F4xx_HAL_Driver/stm32f4xx_hal_rcc_ex.d" -MT"Drivers/STM32F4xx_HAL_Driver/stm32f4xx_hal_rcc_ex.o" -o "Drivers/STM32F4xx_HAL_Driver/stm32f4xx_hal_rcc_ex.o" "D:/AGV/STM/encoder/Drivers/STM32F4xx_HAL_Driver/Src/stm32f4xx_hal_rcc_ex.c"
'Finished building: D:/AGV/STM/encoder/Drivers/STM32F4xx_HAL_Driver/Src/stm32f4xx_hal_rcc_ex.c'
' '
'Building file: D:/AGV/STM/encoder/Drivers/STM32F4xx_HAL_Driver/Src/stm32f4xx_hal_tim.c'
'Invoking: MCU GCC Compiler'
D:\AGV\STM\encoder\SW4STM32\encoder\Release
arm-none-eabi-gcc -mcpu=cortex-m4 -mthumb -mfloat-abi=hard -mfpu=fpv4-sp-d16 -D__weak=__attribute__((weak)) -D__packed=__attribute__((__packed__)) -DUSE_HAL_DRIVER -DSTM32F411xE -I"D:/AGV/STM/encoder/Inc" -I"D:/AGV/STM/encoder/Drivers/STM32F4xx_HAL_Driver/Inc" -I"D:/AGV/STM/encoder/Drivers/STM32F4xx_HAL_Driver/Inc/Legacy" -I"D:/AGV/STM/encoder/Drivers/CMSIS/Device/ST/STM32F4xx/Include" -I"D:/AGV/STM/encoder/Drivers/CMSIS/Include" -I"D:/AGV/STM/encoder/Inc"  -Og -g3 -Wall -fmessage-length=0 -ffunction-sections -c -fmessage-length=0 -MMD -MP -MF"Drivers/STM32F4xx_HAL_Driver/stm32f4xx_hal_tim.d" -MT"Drivers/STM32F4xx_HAL_Driver/stm32f4xx_hal_tim.o" -o "Drivers/STM32F4xx_HAL_Driver/stm32f4xx_hal_tim.o" "D:/AGV/STM/encoder/Drivers/STM32F4xx_HAL_Driver/Src/stm32f4xx_hal_tim.c"
'Finished building: D:/AGV/STM/encoder/Drivers/STM32F4xx_HAL_Driver/Src/stm32f4xx_hal_tim.c'
' '
'Building file: D:/AGV/STM/encoder/Drivers/STM32F4xx_HAL_Driver/Src/stm32f4xx_hal_tim_ex.c'
'Invoking: MCU GCC Compiler'
D:\AGV\STM\encoder\SW4STM32\encoder\Release
arm-none-eabi-gcc -mcpu=cortex-m4 -mthumb -mfloat-abi=hard -mfpu=fpv4-sp-d16 -D__weak=__attribute__((weak)) -D__packed=__attribute__((__packed__)) -DUSE_HAL_DRIVER -DSTM32F411xE -I"D:/AGV/STM/encoder/Inc" -I"D:/AGV/STM/encoder/Drivers/STM32F4xx_HAL_Driver/Inc" -I"D:/AGV/STM/encoder/Drivers/STM32F4xx_HAL_Driver/Inc/Legacy" -I"D:/AGV/STM/encoder/Drivers/CMSIS/Device/ST/STM32F4xx/Include" -I"D:/AGV/STM/encoder/Drivers/CMSIS/Include" -I"D:/AGV/STM/encoder/Inc"  -Og -g3 -Wall -fmessage-length=0 -ffunction-sections -c -fmessage-length=0 -MMD -MP -MF"Drivers/STM32F4xx_HAL_Driver/stm32f4xx_hal_tim_ex.d" -MT"Drivers/STM32F4xx_HAL_Driver/stm32f4xx_hal_tim_ex.o" -o "Drivers/STM32F4xx_HAL_Driver/stm32f4xx_hal_tim_ex.o" "D:/AGV/STM/encoder/Drivers/STM32F4xx_HAL_Driver/Src/stm32f4xx_hal_tim_ex.c"
'Finished building: D:/AGV/STM/encoder/Drivers/STM32F4xx_HAL_Driver/Src/stm32f4xx_hal_tim_ex.c'
' '
'Building file: D:/AGV/STM/encoder/Drivers/STM32F4xx_HAL_Driver/Src/stm32f4xx_hal_uart.c'
'Invoking: MCU GCC Compiler'
D:\AGV\STM\encoder\SW4STM32\encoder\Release
arm-none-eabi-gcc -mcpu=cortex-m4 -mthumb -mfloat-abi=hard -mfpu=fpv4-sp-d16 -D__weak=__attribute__((weak)) -D__packed=__attribute__((__packed__)) -DUSE_HAL_DRIVER -DSTM32F411xE -I"D:/AGV/STM/encoder/Inc" -I"D:/AGV/STM/encoder/Drivers/STM32F4xx_HAL_Driver/Inc" -I"D:/AGV/STM/encoder/Drivers/STM32F4xx_HAL_Driver/Inc/Legacy" -I"D:/AGV/STM/encoder/Drivers/CMSIS/Device/ST/STM32F4xx/Include" -I"D:/AGV/STM/encoder/Drivers/CMSIS/Include" -I"D:/AGV/STM/encoder/Inc"  -Og -g3 -Wall -fmessage-length=0 -ffunction-sections -c -fmessage-length=0 -MMD -MP -MF"Drivers/STM32F4xx_HAL_Driver/stm32f4xx_hal_uart.d" -MT"Drivers/STM32F4xx_HAL_Driver/stm32f4xx_hal_uart.o" -o "Drivers/STM32F4xx_HAL_Driver/stm32f4xx_hal_uart.o" "D:/AGV/STM/encoder/Drivers/STM32F4xx_HAL_Driver/Src/stm32f4xx_hal_uart.c"
'Finished building: D:/AGV/STM/encoder/Drivers/STM32F4xx_HAL_Driver/Src/stm32f4xx_hal_uart.c'
' '
'Building file: D:/AGV/STM/encoder/Src/system_stm32f4xx.c'
'Invoking: MCU GCC Compiler'
D:\AGV\STM\encoder\SW4STM32\encoder\Release
arm-none-eabi-gcc -mcpu=cortex-m4 -mthumb -mfloat-abi=hard -mfpu=fpv4-sp-d16 -D__weak=__attribute__((weak)) -D__packed=__attribute__((__packed__)) -DUSE_HAL_DRIVER -DSTM32F411xE -I"D:/AGV/STM/encoder/Inc" -I"D:/AGV/STM/encoder/Drivers/STM32F4xx_HAL_Driver/Inc" -I"D:/AGV/STM/encoder/Drivers/STM32F4xx_HAL_Driver/Inc/Legacy" -I"D:/AGV/STM/encoder/Drivers/CMSIS/Device/ST/STM32F4xx/Include" -I"D:/AGV/STM/encoder/Drivers/CMSIS/Include" -I"D:/AGV/STM/encoder/Inc"  -Og -g3 -Wall -fmessage-length=0 -ffunction-sections -c -fmessage-length=0 -MMD -MP -MF"Drivers/CMSIS/system_stm32f4xx.d" -MT"Drivers/CMSIS/system_stm32f4xx.o" -o "Drivers/CMSIS/system_stm32f4xx.o" "D:/AGV/STM/encoder/Src/system_stm32f4xx.c"
'Finished building: D:/AGV/STM/encoder/Src/system_stm32f4xx.c'
' '
'Building file: D:/AGV/STM/encoder/Src/main.c'
'Invoking: MCU GCC Compiler'
D:\AGV\STM\encoder\SW4STM32\encoder\Release
arm-none-eabi-gcc -mcpu=cortex-m4 -mthumb -mfloat-abi=hard -mfpu=fpv4-sp-d16 -D__weak=__attribute__((weak)) -D__packed=__attribute__((__packed__)) -DUSE_HAL_DRIVER -DSTM32F411xE -I"D:/AGV/STM/encoder/Inc" -I"D:/AGV/STM/encoder/Drivers/STM32F4xx_HAL_Driver/Inc" -I"D:/AGV/STM/encoder/Drivers/STM32F4xx_HAL_Driver/Inc/Legacy" -I"D:/AGV/STM/encoder/Drivers/CMSIS/Device/ST/STM32F4xx/Include" -I"D:/AGV/STM/encoder/Drivers/CMSIS/Include" -I"D:/AGV/STM/encoder/Inc"  -Og -g3 -Wall -fmessage-length=0 -ffunction-sections -c -fmessage-length=0 -MMD -MP -MF"Application/User/main.d" -MT"Application/User/main.o" -o "Application/User/main.o" "D:/AGV/STM/encoder/Src/main.c"
D:/AGV/STM/encoder/Src/main.c: In function 'main':
D:/AGV/STM/encoder/Src/main.c:194:28: warning: passing argument 2 of 'HAL_ADC_Start_DMA' from incompatible pointer type [-Wincompatible-pointer-types]
   HAL_ADC_Start_DMA(&hadc1,Battery,2);
                            ^
In file included from D:/AGV/STM/encoder/Inc/stm32f4xx_hal_conf.h:260:0,
                 from D:/AGV/STM/encoder/Drivers/STM32F4xx_HAL_Driver/Inc/stm32f4xx_hal.h:48,
                 from D:/AGV/STM/encoder/Src/main.c:40:
D:/AGV/STM/encoder/Drivers/STM32F4xx_HAL_Driver/Inc/stm32f4xx_hal_adc.h:555:19: note: expected 'uint32_t * {aka long unsigned int *}' but argument is of type 'uint16_t * {aka short unsigned int *}'
 HAL_StatusTypeDef HAL_ADC_Start_DMA(ADC_HandleTypeDef* hadc, uint32_t* pData, uint32_t Length);
                   ^
'Finished building: D:/AGV/STM/encoder/Src/main.c'
' '
'Building file: D:/AGV/STM/encoder/Src/stm32f4xx_hal_msp.c'
'Invoking: MCU GCC Compiler'
D:\AGV\STM\encoder\SW4STM32\encoder\Release
arm-none-eabi-gcc -mcpu=cortex-m4 -mthumb -mfloat-abi=hard -mfpu=fpv4-sp-d16 -D__weak=__attribute__((weak)) -D__packed=__attribute__((__packed__)) -DUSE_HAL_DRIVER -DSTM32F411xE -I"D:/AGV/STM/encoder/Inc" -I"D:/AGV/STM/encoder/Drivers/STM32F4xx_HAL_Driver/Inc" -I"D:/AGV/STM/encoder/Drivers/STM32F4xx_HAL_Driver/Inc/Legacy" -I"D:/AGV/STM/encoder/Drivers/CMSIS/Device/ST/STM32F4xx/Include" -I"D:/AGV/STM/encoder/Drivers/CMSIS/Include" -I"D:/AGV/STM/encoder/Inc"  -Og -g3 -Wall -fmessage-length=0 -ffunction-sections -c -fmessage-length=0 -MMD -MP -MF"Application/User/stm32f4xx_hal_msp.d" -MT"Application/User/stm32f4xx_hal_msp.o" -o "Application/User/stm32f4xx_hal_msp.o" "D:/AGV/STM/encoder/Src/stm32f4xx_hal_msp.c"
'Finished building: D:/AGV/STM/encoder/Src/stm32f4xx_hal_msp.c'
' '
'Building file: D:/AGV/STM/encoder/Src/stm32f4xx_it.c'
'Invoking: MCU GCC Compiler'
D:\AGV\STM\encoder\SW4STM32\encoder\Release
arm-none-eabi-gcc -mcpu=cortex-m4 -mthumb -mfloat-abi=hard -mfpu=fpv4-sp-d16 -D__weak=__attribute__((weak)) -D__packed=__attribute__((__packed__)) -DUSE_HAL_DRIVER -DSTM32F411xE -I"D:/AGV/STM/encoder/Inc" -I"D:/AGV/STM/encoder/Drivers/STM32F4xx_HAL_Driver/Inc" -I"D:/AGV/STM/encoder/Drivers/STM32F4xx_HAL_Driver/Inc/Legacy" -I"D:/AGV/STM/encoder/Drivers/CMSIS/Device/ST/STM32F4xx/Include" -I"D:/AGV/STM/encoder/Drivers/CMSIS/Include" -I"D:/AGV/STM/encoder/Inc"  -Og -g3 -Wall -fmessage-length=0 -ffunction-sections -c -fmessage-length=0 -MMD -MP -MF"Application/User/stm32f4xx_it.d" -MT"Application/User/stm32f4xx_it.o" -o "Application/User/stm32f4xx_it.o" "D:/AGV/STM/encoder/Src/stm32f4xx_it.c"
'Finished building: D:/AGV/STM/encoder/Src/stm32f4xx_it.c'
' '
'Building file: D:/AGV/STM/encoder/SW4STM32/startup_stm32f411xe.s'
'Invoking: MCU GCC Assembler'
D:\AGV\STM\encoder\SW4STM32\encoder\Release
arm-none-eabi-as -mcpu=cortex-m4 -mthumb -mfloat-abi=hard -mfpu=fpv4-sp-d16 -g -o "Application/SW4STM32/startup_stm32f411xe.o" "D:/AGV/STM/encoder/SW4STM32/startup_stm32f411xe.s"
'Finished building: D:/AGV/STM/encoder/SW4STM32/startup_stm32f411xe.s'
' '
'Building target: encoder.elf'
'Invoking: MCU GCC Linker'
arm-none-eabi-gcc -mcpu=cortex-m4 -mthumb -mfloat-abi=hard -mfpu=fpv4-sp-d16 -specs=nosys.specs -specs=nano.specs -T"../STM32F411RETx_FLASH.ld" -Wl,-Map=output.map -Wl,--gc-sections -lm -o "encoder.elf" @"objects.list"  
'Finished building target: encoder.elf'
' '
make --no-print-directory post-build
'Generating binary and Printing size information:'
arm-none-eabi-objcopy -O binary "encoder.elf" "encoder.bin"
arm-none-eabi-size "encoder.elf"
   text	   data	    bss	    dec	    hex	filename
   8984	     12	   1844	  10840	   2a58	encoder.elf
' '

19:17:13 Build Finished (took 9s.17ms)

